Java HotSpot(TM) 64-Bit Server VM (25.131-b11) for windows-amd64 JRE (1.8.0_131-b11), built on Mar 15 2017 01:23:53 by "java_re" with MS VC++ 10.0 (VS2010)
Memory: 4k page, physical 8268912k(2451748k free), swap 12036348k(2349072k free)
CommandLine flags: -XX:InitialHeapSize=1073741824 -XX:MaxHeapSize=1073741824 -XX:MaxNewSize=348966912 -XX:MaxTenuringThreshold=6 -XX:NewSize=348966912 -XX:OldPLABSize=16 -XX:OldSize=697933824 -XX:+PrintGC -XX:+PrintGCDateStamps -XX:+PrintGCDetails -XX:+PrintGCTimeStamps -XX:+UseCompressedClassPointers -XX:+UseCompressedOops -XX:+UseConcMarkSweepGC -XX:-UseLargePagesIndividualAllocation -XX:+UseParNewGC 
2020-10-27T14:29:48.561+0800: 0.379: [GC (Allocation Failure) 2020-10-27T14:29:48.561+0800: 0.379: [ParNew: 272640K->34047K(306688K), 0.0318636 secs] 272640K->80837K(1014528K), 0.0320615 secs] [Times: user=0.03 sys=0.08, real=0.03 secs] 
2020-10-27T14:29:48.640+0800: 0.458: [GC (Allocation Failure) 2020-10-27T14:29:48.640+0800: 0.458: [ParNew: 306687K->34048K(306688K), 0.0401864 secs] 353477K->160122K(1014528K), 0.0402710 secs] [Times: user=0.03 sys=0.08, real=0.04 secs] 
2020-10-27T14:29:48.722+0800: 0.540: [GC (Allocation Failure) 2020-10-27T14:29:48.722+0800: 0.540: [ParNew: 306688K->34048K(306688K), 0.0582891 secs] 432762K->231523K(1014528K), 0.0583716 secs] [Times: user=0.17 sys=0.03, real=0.06 secs] 
2020-10-27T14:29:48.825+0800: 0.643: [GC (Allocation Failure) 2020-10-27T14:29:48.825+0800: 0.643: [ParNew: 306688K->34048K(306688K), 0.0475730 secs] 504163K->305575K(1014528K), 0.0476418 secs] [Times: user=0.16 sys=0.05, real=0.05 secs] 
2020-10-27T14:29:48.914+0800: 0.733: [GC (Allocation Failure) 2020-10-27T14:29:48.914+0800: 0.733: [ParNew: 306688K->34048K(306688K), 0.0655377 secs] 578215K->388243K(1014528K), 0.0656220 secs] [Times: user=0.11 sys=0.06, real=0.07 secs] 
2020-10-27T14:29:48.980+0800: 0.799: [GC (CMS Initial Mark) [1 CMS-initial-mark: 354195K(707840K)] 388362K(1014528K), 0.0001911 secs] [Times: user=0.00 sys=0.00, real=0.00 secs] 
2020-10-27T14:29:48.980+0800: 0.799: [CMS-concurrent-mark-start]
2020-10-27T14:29:48.995+0800: 0.814: [CMS-concurrent-mark: 0.015/0.015 secs] [Times: user=0.03 sys=0.00, real=0.01 secs] 
2020-10-27T14:29:48.995+0800: 0.814: [CMS-concurrent-preclean-start]
2020-10-27T14:29:48.996+0800: 0.815: [CMS-concurrent-preclean: 0.001/0.001 secs] [Times: user=0.00 sys=0.00, real=0.00 secs] 
2020-10-27T14:29:48.996+0800: 0.815: [CMS-concurrent-abortable-preclean-start]
2020-10-27T14:29:49.029+0800: 0.848: [GC (Allocation Failure) 2020-10-27T14:29:49.029+0800: 0.848: [ParNew: 306688K->34048K(306688K), 0.0446264 secs] 660883K->462682K(1014528K), 0.0446911 secs] [Times: user=0.08 sys=0.01, real=0.04 secs] 
2020-10-27T14:29:49.119+0800: 0.938: [GC (Allocation Failure) 2020-10-27T14:29:49.119+0800: 0.938: [ParNew: 306518K->34048K(306688K), 0.0578632 secs] 735153K->541470K(1014528K), 0.0579375 secs] [Times: user=0.08 sys=0.09, real=0.06 secs] 
2020-10-27T14:29:49.227+0800: 1.045: [GC (Allocation Failure) 2020-10-27T14:29:49.227+0800: 1.045: [ParNew: 306688K->34048K(306688K), 0.0528445 secs] 814110K->619217K(1014528K), 0.0529268 secs] [Times: user=0.13 sys=0.06, real=0.05 secs] 
Heap
 par new generation   total 306688K, used 238616K [0x00000000c0000000, 0x00000000d4cc0000, 0x00000000d4cc0000)
  eden space 272640K,  75% used [0x00000000c0000000, 0x00000000cc7c63a8, 0x00000000d0a40000)
  from space 34048K, 100% used [0x00000000d0a40000, 0x00000000d2b80000, 0x00000000d2b80000)
  to   space 34048K,   0% used [0x00000000d2b80000, 0x00000000d2b80000, 0x00000000d4cc0000)
 concurrent mark-sweep generation total 707840K, used 585169K [0x00000000d4cc0000, 0x0000000100000000, 0x0000000100000000)
 Metaspace       used 2730K, capacity 4486K, committed 4864K, reserved 1056768K
  class space    used 297K, capacity 386K, committed 512K, reserved 1048576K
