Java HotSpot(TM) 64-Bit Server VM (25.131-b11) for windows-amd64 JRE (1.8.0_131-b11), built on Mar 15 2017 01:23:53 by "java_re" with MS VC++ 10.0 (VS2010)
Memory: 4k page, physical 8268912k(2458584k free), swap 12036348k(2344472k free)
CommandLine flags: -XX:InitialHeapSize=536870912 -XX:MaxHeapSize=536870912 -XX:MaxNewSize=178958336 -XX:MaxTenuringThreshold=6 -XX:NewSize=178958336 -XX:OldPLABSize=16 -XX:OldSize=357912576 -XX:+PrintGC -XX:+PrintGCDateStamps -XX:+PrintGCDetails -XX:+PrintGCTimeStamps -XX:+UseCompressedClassPointers -XX:+UseCompressedOops -XX:+UseConcMarkSweepGC -XX:-UseLargePagesIndividualAllocation -XX:+UseParNewGC 
2020-10-27T14:29:31.278+0800: 0.356: [GC (Allocation Failure) 2020-10-27T14:29:31.278+0800: 0.356: [ParNew: 139776K->17470K(157248K), 0.0166005 secs] 139776K->46570K(506816K), 0.0168569 secs] [Times: user=0.00 sys=0.02, real=0.02 secs] 
2020-10-27T14:29:31.320+0800: 0.398: [GC (Allocation Failure) 2020-10-27T14:29:31.320+0800: 0.398: [ParNew: 156799K->17472K(157248K), 0.0186398 secs] 185898K->84054K(506816K), 0.0187234 secs] [Times: user=0.05 sys=0.01, real=0.02 secs] 
2020-10-27T14:29:31.364+0800: 0.441: [GC (Allocation Failure) 2020-10-27T14:29:31.364+0800: 0.442: [ParNew: 157248K->17470K(157248K), 0.0353699 secs] 223830K->128206K(506816K), 0.0354486 secs] [Times: user=0.08 sys=0.02, real=0.03 secs] 
2020-10-27T14:29:31.421+0800: 0.499: [GC (Allocation Failure) 2020-10-27T14:29:31.421+0800: 0.499: [ParNew: 157246K->17472K(157248K), 0.0308273 secs] 267982K->167056K(506816K), 0.0309093 secs] [Times: user=0.09 sys=0.03, real=0.03 secs] 
2020-10-27T14:29:31.472+0800: 0.551: [GC (Allocation Failure) 2020-10-27T14:29:31.472+0800: 0.551: [ParNew: 156599K->17472K(157248K), 0.0377101 secs] 306184K->214402K(506816K), 0.0377769 secs] [Times: user=0.09 sys=0.03, real=0.04 secs] 
2020-10-27T14:29:31.510+0800: 0.589: [GC (CMS Initial Mark) [1 CMS-initial-mark: 196930K(349568K)] 215055K(506816K), 0.0007400 secs] [Times: user=0.00 sys=0.00, real=0.00 secs] 
2020-10-27T14:29:31.511+0800: 0.590: [CMS-concurrent-mark-start]
2020-10-27T14:29:31.518+0800: 0.597: [CMS-concurrent-mark: 0.007/0.007 secs] [Times: user=0.02 sys=0.02, real=0.01 secs] 
2020-10-27T14:29:31.518+0800: 0.597: [CMS-concurrent-preclean-start]
2020-10-27T14:29:31.519+0800: 0.598: [CMS-concurrent-preclean: 0.001/0.001 secs] [Times: user=0.00 sys=0.00, real=0.00 secs] 
2020-10-27T14:29:31.519+0800: 0.598: [CMS-concurrent-abortable-preclean-start]
2020-10-27T14:29:31.537+0800: 0.616: [GC (Allocation Failure) 2020-10-27T14:29:31.537+0800: 0.616: [ParNew: 157248K->17472K(157248K), 0.0362465 secs] 354178K->259934K(506816K), 0.0363129 secs] [Times: user=0.13 sys=0.00, real=0.04 secs] 
2020-10-27T14:29:31.596+0800: 0.674: [GC (Allocation Failure) 2020-10-27T14:29:31.596+0800: 0.674: [ParNew: 157248K->17471K(157248K), 0.0363094 secs] 399710K->306027K(506816K), 0.0363912 secs] [Times: user=0.13 sys=0.00, real=0.04 secs] 
2020-10-27T14:29:31.655+0800: 0.733: [GC (Allocation Failure) 2020-10-27T14:29:31.655+0800: 0.733: [ParNew: 157247K->17471K(157248K), 0.0364324 secs] 445803K->349176K(506816K), 0.0365151 secs] [Times: user=0.08 sys=0.03, real=0.04 secs] 
2020-10-27T14:29:31.692+0800: 0.770: [CMS-concurrent-abortable-preclean: 0.004/0.173 secs] [Times: user=0.41 sys=0.03, real=0.17 secs] 
2020-10-27T14:29:31.692+0800: 0.771: [GC (CMS Final Remark) [YG occupancy: 23553 K (157248 K)]2020-10-27T14:29:31.692+0800: 0.771: [Rescan (parallel) , 0.0003877 secs]2020-10-27T14:29:31.693+0800: 0.771: [weak refs processing, 0.0000293 secs]2020-10-27T14:29:31.693+0800: 0.771: [class unloading, 0.0002596 secs]2020-10-27T14:29:31.693+0800: 0.771: [scrub symbol table, 0.0003631 secs]2020-10-27T14:29:31.693+0800: 0.772: [scrub string table, 0.0001097 secs][1 CMS-remark: 331704K(349568K)] 355258K(506816K), 0.0012426 secs] [Times: user=0.00 sys=0.00, real=0.00 secs] 
2020-10-27T14:29:31.693+0800: 0.772: [CMS-concurrent-sweep-start]
2020-10-27T14:29:31.694+0800: 0.773: [CMS-concurrent-sweep: 0.001/0.001 secs] [Times: user=0.00 sys=0.00, real=0.00 secs] 
2020-10-27T14:29:31.694+0800: 0.773: [CMS-concurrent-reset-start]
2020-10-27T14:29:31.695+0800: 0.774: [CMS-concurrent-reset: 0.001/0.001 secs] [Times: user=0.00 sys=0.00, real=0.00 secs] 
2020-10-27T14:29:31.715+0800: 0.794: [GC (Allocation Failure) 2020-10-27T14:29:31.715+0800: 0.794: [ParNew: 157247K->17468K(157248K), 0.0127797 secs] 450664K->351589K(506816K), 0.0128527 secs] [Times: user=0.02 sys=0.00, real=0.01 secs] 
2020-10-27T14:29:31.729+0800: 0.807: [GC (CMS Initial Mark) [1 CMS-initial-mark: 334120K(349568K)] 351742K(506816K), 0.0001881 secs] [Times: user=0.00 sys=0.00, real=0.00 secs] 
2020-10-27T14:29:31.729+0800: 0.807: [CMS-concurrent-mark-start]
2020-10-27T14:29:31.731+0800: 0.810: [CMS-concurrent-mark: 0.003/0.003 secs] [Times: user=0.00 sys=0.00, real=0.00 secs] 
2020-10-27T14:29:31.731+0800: 0.810: [CMS-concurrent-preclean-start]
2020-10-27T14:29:31.732+0800: 0.810: [CMS-concurrent-preclean: 0.001/0.001 secs] [Times: user=0.03 sys=0.00, real=0.00 secs] 
2020-10-27T14:29:31.732+0800: 0.810: [CMS-concurrent-abortable-preclean-start]
2020-10-27T14:29:31.732+0800: 0.811: [CMS-concurrent-abortable-preclean: 0.000/0.000 secs] [Times: user=0.00 sys=0.00, real=0.00 secs] 
2020-10-27T14:29:31.732+0800: 0.811: [GC (CMS Final Remark) [YG occupancy: 37794 K (157248 K)]2020-10-27T14:29:31.732+0800: 0.811: [Rescan (parallel) , 0.0003961 secs]2020-10-27T14:29:31.733+0800: 0.811: [weak refs processing, 0.0000135 secs]2020-10-27T14:29:31.733+0800: 0.811: [class unloading, 0.0002248 secs]2020-10-27T14:29:31.733+0800: 0.811: [scrub symbol table, 0.0003583 secs]2020-10-27T14:29:31.733+0800: 0.812: [scrub string table, 0.0001126 secs][1 CMS-remark: 334120K(349568K)] 371915K(506816K), 0.0011975 secs] [Times: user=0.00 sys=0.00, real=0.00 secs] 
2020-10-27T14:29:31.734+0800: 0.812: [CMS-concurrent-sweep-start]
2020-10-27T14:29:31.735+0800: 0.813: [CMS-concurrent-sweep: 0.001/0.001 secs] [Times: user=0.00 sys=0.00, real=0.00 secs] 
2020-10-27T14:29:31.735+0800: 0.813: [CMS-concurrent-reset-start]
2020-10-27T14:29:31.736+0800: 0.814: [CMS-concurrent-reset: 0.001/0.001 secs] [Times: user=0.00 sys=0.00, real=0.00 secs] 
2020-10-27T14:29:31.756+0800: 0.835: [GC (Allocation Failure) 2020-10-27T14:29:31.756+0800: 0.835: [ParNew: 157244K->17470K(157248K), 0.0117726 secs] 394351K->300856K(506816K), 0.0118414 secs] [Times: user=0.05 sys=0.00, real=0.01 secs] 
2020-10-27T14:29:31.768+0800: 0.847: [GC (CMS Initial Mark) [1 CMS-initial-mark: 283385K(349568K)] 300958K(506816K), 0.0001489 secs] [Times: user=0.00 sys=0.00, real=0.00 secs] 
2020-10-27T14:29:31.768+0800: 0.847: [CMS-concurrent-mark-start]
2020-10-27T14:29:31.772+0800: 0.850: [CMS-concurrent-mark: 0.003/0.003 secs] [Times: user=0.00 sys=0.00, real=0.00 secs] 
2020-10-27T14:29:31.772+0800: 0.850: [CMS-concurrent-preclean-start]
2020-10-27T14:29:31.772+0800: 0.851: [CMS-concurrent-preclean: 0.001/0.001 secs] [Times: user=0.00 sys=0.00, real=0.00 secs] 
2020-10-27T14:29:31.772+0800: 0.851: [CMS-concurrent-abortable-preclean-start]
2020-10-27T14:29:31.796+0800: 0.874: [GC (Allocation Failure) 2020-10-27T14:29:31.796+0800: 0.874: [ParNew: 157246K->17470K(157248K), 0.0108992 secs] 440632K->340664K(506816K), 0.0109759 secs] [Times: user=0.00 sys=0.00, real=0.01 secs] 
2020-10-27T14:29:31.808+0800: 0.886: [CMS-concurrent-abortable-preclean: 0.002/0.035 secs] [Times: user=0.05 sys=0.00, real=0.04 secs] 
2020-10-27T14:29:31.808+0800: 0.886: [GC (CMS Final Remark) [YG occupancy: 27911 K (157248 K)]2020-10-27T14:29:31.808+0800: 0.886: [Rescan (parallel) , 0.0004892 secs]2020-10-27T14:29:31.809+0800: 0.887: [weak refs processing, 0.0000183 secs]2020-10-27T14:29:31.809+0800: 0.887: [class unloading, 0.0002979 secs]2020-10-27T14:29:31.809+0800: 0.887: [scrub symbol table, 0.0003740 secs]2020-10-27T14:29:31.809+0800: 0.888: [scrub string table, 0.0001111 secs][1 CMS-remark: 323194K(349568K)] 351105K(506816K), 0.0013837 secs] [Times: user=0.00 sys=0.00, real=0.00 secs] 
2020-10-27T14:29:31.810+0800: 0.888: [CMS-concurrent-sweep-start]
2020-10-27T14:29:31.810+0800: 0.889: [CMS-concurrent-sweep: 0.001/0.001 secs] [Times: user=0.00 sys=0.00, real=0.00 secs] 
2020-10-27T14:29:31.811+0800: 0.889: [CMS-concurrent-reset-start]
2020-10-27T14:29:31.811+0800: 0.889: [CMS-concurrent-reset: 0.000/0.000 secs] [Times: user=0.00 sys=0.00, real=0.00 secs] 
2020-10-27T14:29:31.834+0800: 0.912: [GC (Allocation Failure) 2020-10-27T14:29:31.834+0800: 0.912: [ParNew: 157246K->17471K(157248K), 0.0187441 secs] 450138K->359877K(506816K), 0.0188189 secs] [Times: user=0.03 sys=0.01, real=0.02 secs] 
2020-10-27T14:29:31.853+0800: 0.931: [GC (CMS Initial Mark) [1 CMS-initial-mark: 342406K(349568K)] 360561K(506816K), 0.0001680 secs] [Times: user=0.00 sys=0.00, real=0.00 secs] 
2020-10-27T14:29:31.853+0800: 0.931: [CMS-concurrent-mark-start]
2020-10-27T14:29:31.857+0800: 0.935: [CMS-concurrent-mark: 0.003/0.003 secs] [Times: user=0.03 sys=0.00, real=0.00 secs] 
2020-10-27T14:29:31.857+0800: 0.935: [CMS-concurrent-preclean-start]
2020-10-27T14:29:31.857+0800: 0.936: [CMS-concurrent-preclean: 0.001/0.001 secs] [Times: user=0.00 sys=0.00, real=0.00 secs] 
2020-10-27T14:29:31.858+0800: 0.936: [CMS-concurrent-abortable-preclean-start]
2020-10-27T14:29:31.858+0800: 0.936: [CMS-concurrent-abortable-preclean: 0.000/0.000 secs] [Times: user=0.00 sys=0.00, real=0.00 secs] 
2020-10-27T14:29:31.858+0800: 0.936: [GC (CMS Final Remark) [YG occupancy: 45923 K (157248 K)]2020-10-27T14:29:31.858+0800: 0.936: [Rescan (parallel) , 0.0004026 secs]2020-10-27T14:29:31.858+0800: 0.936: [weak refs processing, 0.0000165 secs]2020-10-27T14:29:31.858+0800: 0.936: [class unloading, 0.0003332 secs]2020-10-27T14:29:31.859+0800: 0.937: [scrub symbol table, 0.0004009 secs]2020-10-27T14:29:31.859+0800: 0.937: [scrub string table, 0.0001588 secs][1 CMS-remark: 342406K(349568K)] 388329K(506816K), 0.0014215 secs] [Times: user=0.00 sys=0.00, real=0.00 secs] 
2020-10-27T14:29:31.859+0800: 0.937: [CMS-concurrent-sweep-start]
2020-10-27T14:29:31.861+0800: 0.939: [CMS-concurrent-sweep: 0.001/0.001 secs] [Times: user=0.00 sys=0.00, real=0.00 secs] 
2020-10-27T14:29:31.861+0800: 0.939: [CMS-concurrent-reset-start]
2020-10-27T14:29:31.861+0800: 0.939: [CMS-concurrent-reset: 0.000/0.000 secs] [Times: user=0.00 sys=0.00, real=0.00 secs] 
2020-10-27T14:29:31.878+0800: 0.956: [GC (Allocation Failure) 2020-10-27T14:29:31.878+0800: 0.956: [ParNew: 157247K->17471K(157248K), 0.0107756 secs] 436004K->334901K(506816K), 0.0108676 secs] [Times: user=0.05 sys=0.00, real=0.01 secs] 
2020-10-27T14:29:31.889+0800: 0.967: [GC (CMS Initial Mark) [1 CMS-initial-mark: 317430K(349568K)] 335626K(506816K), 0.0001676 secs] [Times: user=0.00 sys=0.00, real=0.00 secs] 
2020-10-27T14:29:31.889+0800: 0.967: [CMS-concurrent-mark-start]
2020-10-27T14:29:31.892+0800: 0.970: [CMS-concurrent-mark: 0.003/0.003 secs] [Times: user=0.00 sys=0.00, real=0.00 secs] 
2020-10-27T14:29:31.892+0800: 0.970: [CMS-concurrent-preclean-start]
2020-10-27T14:29:31.893+0800: 0.971: [CMS-concurrent-preclean: 0.000/0.000 secs] [Times: user=0.00 sys=0.00, real=0.00 secs] 
2020-10-27T14:29:31.893+0800: 0.971: [CMS-concurrent-abortable-preclean-start]
2020-10-27T14:29:31.893+0800: 0.971: [CMS-concurrent-abortable-preclean: 0.000/0.000 secs] [Times: user=0.00 sys=0.00, real=0.00 secs] 
2020-10-27T14:29:31.893+0800: 0.971: [GC (CMS Final Remark) [YG occupancy: 34912 K (157248 K)]2020-10-27T14:29:31.893+0800: 0.971: [Rescan (parallel) , 0.0003939 secs]2020-10-27T14:29:31.893+0800: 0.972: [weak refs processing, 0.0000298 secs]2020-10-27T14:29:31.894+0800: 0.972: [class unloading, 0.0003216 secs]2020-10-27T14:29:31.894+0800: 0.972: [scrub symbol table, 0.0003766 secs]2020-10-27T14:29:31.894+0800: 0.972: [scrub string table, 0.0001117 secs][1 CMS-remark: 317430K(349568K)] 352342K(506816K), 0.0013307 secs] [Times: user=0.00 sys=0.00, real=0.00 secs] 
2020-10-27T14:29:31.894+0800: 0.973: [CMS-concurrent-sweep-start]
2020-10-27T14:29:31.895+0800: 0.973: [CMS-concurrent-sweep: 0.001/0.001 secs] [Times: user=0.00 sys=0.00, real=0.00 secs] 
2020-10-27T14:29:31.895+0800: 0.973: [CMS-concurrent-reset-start]
2020-10-27T14:29:31.896+0800: 0.974: [CMS-concurrent-reset: 0.000/0.000 secs] [Times: user=0.00 sys=0.00, real=0.00 secs] 
2020-10-27T14:29:31.920+0800: 0.998: [GC (Allocation Failure) 2020-10-27T14:29:31.920+0800: 0.998: [ParNew: 156881K->17469K(157248K), 0.0121270 secs] 433509K->341371K(506816K), 0.0122090 secs] [Times: user=0.00 sys=0.00, real=0.01 secs] 
2020-10-27T14:29:31.932+0800: 1.010: [GC (CMS Initial Mark) [1 CMS-initial-mark: 323902K(349568K)] 342040K(506816K), 0.0001818 secs] [Times: user=0.00 sys=0.00, real=0.00 secs] 
2020-10-27T14:29:31.932+0800: 1.010: [CMS-concurrent-mark-start]
2020-10-27T14:29:31.936+0800: 1.014: [CMS-concurrent-mark: 0.004/0.004 secs] [Times: user=0.02 sys=0.00, real=0.00 secs] 
2020-10-27T14:29:31.936+0800: 1.014: [CMS-concurrent-preclean-start]
2020-10-27T14:29:31.937+0800: 1.015: [CMS-concurrent-preclean: 0.001/0.001 secs] [Times: user=0.00 sys=0.00, real=0.00 secs] 
2020-10-27T14:29:31.937+0800: 1.015: [CMS-concurrent-abortable-preclean-start]
2020-10-27T14:29:31.937+0800: 1.015: [CMS-concurrent-abortable-preclean: 0.000/0.000 secs] [Times: user=0.00 sys=0.00, real=0.00 secs] 
2020-10-27T14:29:31.938+0800: 1.016: [GC (CMS Final Remark) [YG occupancy: 36092 K (157248 K)]2020-10-27T14:29:31.938+0800: 1.016: [Rescan (parallel) , 0.0004323 secs]2020-10-27T14:29:31.938+0800: 1.016: [weak refs processing, 0.0000177 secs]2020-10-27T14:29:31.938+0800: 1.016: [class unloading, 0.0003200 secs]2020-10-27T14:29:31.939+0800: 1.017: [scrub symbol table, 0.0005530 secs]2020-10-27T14:29:31.939+0800: 1.017: [scrub string table, 0.0001987 secs][1 CMS-remark: 323902K(349568K)] 359994K(506816K), 0.0016945 secs] [Times: user=0.00 sys=0.00, real=0.00 secs] 
2020-10-27T14:29:31.940+0800: 1.018: [CMS-concurrent-sweep-start]
2020-10-27T14:29:31.941+0800: 1.019: [CMS-concurrent-sweep: 0.001/0.001 secs] [Times: user=0.00 sys=0.00, real=0.00 secs] 
2020-10-27T14:29:31.941+0800: 1.019: [CMS-concurrent-reset-start]
2020-10-27T14:29:31.942+0800: 1.020: [CMS-concurrent-reset: 0.000/0.000 secs] [Times: user=0.00 sys=0.00, real=0.00 secs] 
2020-10-27T14:29:31.970+0800: 1.048: [GC (Allocation Failure) 2020-10-27T14:29:31.970+0800: 1.048: [ParNew: 157245K->17471K(157248K), 0.0117207 secs] 446440K->353629K(506816K), 0.0118789 secs] [Times: user=0.00 sys=0.00, real=0.01 secs] 
2020-10-27T14:29:31.981+0800: 1.060: [GC (CMS Initial Mark) [1 CMS-initial-mark: 336157K(349568K)] 356439K(506816K), 0.0001999 secs] [Times: user=0.03 sys=0.02, real=0.00 secs] 
2020-10-27T14:29:31.982+0800: 1.060: [CMS-concurrent-mark-start]
2020-10-27T14:29:31.985+0800: 1.063: [CMS-concurrent-mark: 0.003/0.003 secs] [Times: user=0.00 sys=0.00, real=0.00 secs] 
2020-10-27T14:29:31.985+0800: 1.064: [CMS-concurrent-preclean-start]
2020-10-27T14:29:31.986+0800: 1.064: [CMS-concurrent-preclean: 0.001/0.001 secs] [Times: user=0.00 sys=0.00, real=0.00 secs] 
2020-10-27T14:29:31.986+0800: 1.064: [CMS-concurrent-abortable-preclean-start]
2020-10-27T14:29:31.986+0800: 1.064: [CMS-concurrent-abortable-preclean: 0.000/0.000 secs] [Times: user=0.00 sys=0.00, real=0.00 secs] 
2020-10-27T14:29:31.986+0800: 1.065: [GC (CMS Final Remark) [YG occupancy: 31412 K (157248 K)]2020-10-27T14:29:31.986+0800: 1.065: [Rescan (parallel) , 0.0004588 secs]2020-10-27T14:29:31.987+0800: 1.065: [weak refs processing, 0.0000223 secs]2020-10-27T14:29:31.987+0800: 1.065: [class unloading, 0.0003524 secs]2020-10-27T14:29:31.987+0800: 1.065: [scrub symbol table, 0.0006587 secs]2020-10-27T14:29:31.988+0800: 1.066: [scrub string table, 0.0002062 secs][1 CMS-remark: 336157K(349568K)] 367570K(506816K), 0.0018652 secs] [Times: user=0.00 sys=0.00, real=0.00 secs] 
2020-10-27T14:29:31.988+0800: 1.066: [CMS-concurrent-sweep-start]
2020-10-27T14:29:31.990+0800: 1.068: [CMS-concurrent-sweep: 0.001/0.001 secs] [Times: user=0.00 sys=0.00, real=0.00 secs] 
2020-10-27T14:29:31.990+0800: 1.068: [CMS-concurrent-reset-start]
2020-10-27T14:29:31.990+0800: 1.068: [CMS-concurrent-reset: 0.000/0.000 secs] [Times: user=0.00 sys=0.00, real=0.00 secs] 
2020-10-27T14:29:32.019+0800: 1.098: [GC (Allocation Failure) 2020-10-27T14:29:32.019+0800: 1.098: [ParNew (promotion failed): 157247K->157247K(157248K), 0.0145174 secs]2020-10-27T14:29:32.034+0800: 1.112: [CMS: 342742K->324068K(349568K), 0.0557358 secs] 454487K->324068K(506816K), [Metaspace: 2723K->2723K(1056768K)], 0.0703898 secs] [Times: user=0.09 sys=0.00, real=0.07 secs] 
2020-10-27T14:29:32.090+0800: 1.168: [GC (CMS Initial Mark) [1 CMS-initial-mark: 324068K(349568K)] 324365K(506816K), 0.0001615 secs] [Times: user=0.00 sys=0.00, real=0.00 secs] 
2020-10-27T14:29:32.090+0800: 1.168: [CMS-concurrent-mark-start]
2020-10-27T14:29:32.093+0800: 1.171: [CMS-concurrent-mark: 0.003/0.003 secs] [Times: user=0.03 sys=0.00, real=0.00 secs] 
2020-10-27T14:29:32.093+0800: 1.171: [CMS-concurrent-preclean-start]
2020-10-27T14:29:32.094+0800: 1.172: [CMS-concurrent-preclean: 0.001/0.001 secs] [Times: user=0.00 sys=0.00, real=0.00 secs] 
2020-10-27T14:29:32.094+0800: 1.172: [CMS-concurrent-abortable-preclean-start]
2020-10-27T14:29:32.094+0800: 1.172: [CMS-concurrent-abortable-preclean: 0.000/0.000 secs] [Times: user=0.00 sys=0.00, real=0.00 secs] 
2020-10-27T14:29:32.094+0800: 1.172: [GC (CMS Final Remark) [YG occupancy: 26033 K (157248 K)]2020-10-27T14:29:32.094+0800: 1.172: [Rescan (parallel) , 0.0005371 secs]2020-10-27T14:29:32.095+0800: 1.173: [weak refs processing, 0.0000178 secs]2020-10-27T14:29:32.095+0800: 1.173: [class unloading, 0.0003411 secs]2020-10-27T14:29:32.095+0800: 1.173: [scrub symbol table, 0.0006024 secs]2020-10-27T14:29:32.096+0800: 1.174: [scrub string table, 0.0001585 secs][1 CMS-remark: 324068K(349568K)] 350102K(506816K), 0.0018130 secs] [Times: user=0.00 sys=0.00, real=0.00 secs] 
2020-10-27T14:29:32.096+0800: 1.174: [CMS-concurrent-sweep-start]
2020-10-27T14:29:32.097+0800: 1.175: [CMS-concurrent-sweep: 0.001/0.001 secs] [Times: user=0.00 sys=0.00, real=0.00 secs] 
2020-10-27T14:29:32.097+0800: 1.175: [CMS-concurrent-reset-start]
2020-10-27T14:29:32.097+0800: 1.175: [CMS-concurrent-reset: 0.000/0.000 secs] [Times: user=0.00 sys=0.00, real=0.00 secs] 
2020-10-27T14:29:32.117+0800: 1.195: [GC (Allocation Failure) 2020-10-27T14:29:32.117+0800: 1.195: [ParNew: 139776K->139776K(157248K), 0.0000224 secs]2020-10-27T14:29:32.117+0800: 1.195: [CMS: 322706K->334151K(349568K), 0.0540202 secs] 462482K->334151K(506816K), [Metaspace: 2723K->2723K(1056768K)], 0.0541260 secs] [Times: user=0.06 sys=0.00, real=0.05 secs] 
2020-10-27T14:29:32.172+0800: 1.249: [GC (CMS Initial Mark) [1 CMS-initial-mark: 334151K(349568K)] 334295K(506816K), 0.0001344 secs] [Times: user=0.00 sys=0.00, real=0.00 secs] 
2020-10-27T14:29:32.172+0800: 1.250: [CMS-concurrent-mark-start]
Heap
 par new generation   total 157248K, used 5712K [0x00000000e0000000, 0x00000000eaaa0000, 0x00000000eaaa0000)
  eden space 139776K,   4% used [0x00000000e0000000, 0x00000000e0594178, 0x00000000e8880000)
  from space 17472K,   0% used [0x00000000e8880000, 0x00000000e8880000, 0x00000000e9990000)
  to   space 17472K,   0% used [0x00000000e9990000, 0x00000000e9990000, 0x00000000eaaa0000)
 concurrent mark-sweep generation total 349568K, used 334151K [0x00000000eaaa0000, 0x0000000100000000, 0x0000000100000000)
 Metaspace       used 2730K, capacity 4486K, committed 4864K, reserved 1056768K
  class space    used 297K, capacity 386K, committed 512K, reserved 1048576K
