Java HotSpot(TM) 64-Bit Server VM (25.131-b11) for windows-amd64 JRE (1.8.0_131-b11), built on Mar 15 2017 01:23:53 by "java_re" with MS VC++ 10.0 (VS2010)
Memory: 4k page, physical 8268912k(2441508k free), swap 12036348k(2333672k free)
CommandLine flags: -XX:InitialHeapSize=536870912 -XX:MaxHeapSize=536870912 -XX:+PrintGC -XX:+PrintGCDateStamps -XX:+PrintGCDetails -XX:+PrintGCTimeStamps -XX:+UseCompressedClassPointers -XX:+UseCompressedOops -XX:+UseG1GC -XX:-UseLargePagesIndividualAllocation 
2020-10-27T14:30:43.596+0800: 0.284: [GC pause (G1 Evacuation Pause) (young), 0.0036846 secs]
   [Parallel Time: 3.2 ms, GC Workers: 4]
      [GC Worker Start (ms): Min: 284.2, Avg: 284.2, Max: 284.3, Diff: 0.1]
      [Ext Root Scanning (ms): Min: 0.2, Avg: 0.2, Max: 0.3, Diff: 0.1, Sum: 1.0]
      [Update RS (ms): Min: 0.0, Avg: 0.0, Max: 0.0, Diff: 0.0, Sum: 0.0]
         [Processed Buffers: Min: 0, Avg: 0.0, Max: 0, Diff: 0, Sum: 0]
      [Scan RS (ms): Min: 0.0, Avg: 0.0, Max: 0.0, Diff: 0.0, Sum: 0.0]
      [Code Root Scanning (ms): Min: 0.0, Avg: 0.0, Max: 0.0, Diff: 0.0, Sum: 0.0]
      [Object Copy (ms): Min: 2.6, Avg: 2.7, Max: 2.8, Diff: 0.3, Sum: 10.9]
      [Termination (ms): Min: 0.0, Avg: 0.1, Max: 0.2, Diff: 0.2, Sum: 0.5]
         [Termination Attempts: Min: 1, Avg: 1.0, Max: 1, Diff: 0, Sum: 4]
      [GC Worker Other (ms): Min: 0.0, Avg: 0.0, Max: 0.1, Diff: 0.0, Sum: 0.2]
      [GC Worker Total (ms): Min: 3.1, Avg: 3.1, Max: 3.2, Diff: 0.1, Sum: 12.5]
      [GC Worker End (ms): Min: 287.4, Avg: 287.4, Max: 287.4, Diff: 0.0]
   [Code Root Fixup: 0.0 ms]
   [Code Root Purge: 0.0 ms]
   [Clear CT: 0.1 ms]
   [Other: 0.4 ms]
      [Choose CSet: 0.0 ms]
      [Ref Proc: 0.1 ms]
      [Ref Enq: 0.0 ms]
      [Redirty Cards: 0.1 ms]
      [Humongous Register: 0.0 ms]
      [Humongous Reclaim: 0.0 ms]
      [Free CSet: 0.0 ms]
   [Eden: 25.0M(25.0M)->0.0B(21.0M) Survivors: 0.0B->4096.0K Heap: 35.1M(512.0M)->12.4M(512.0M)]
 [Times: user=0.00 sys=0.00, real=0.00 secs] 
2020-10-27T14:30:43.606+0800: 0.294: [GC pause (G1 Evacuation Pause) (young), 0.0113422 secs]
   [Parallel Time: 9.7 ms, GC Workers: 4]
      [GC Worker Start (ms): Min: 294.0, Avg: 294.0, Max: 294.0, Diff: 0.0]
      [Ext Root Scanning (ms): Min: 0.2, Avg: 0.2, Max: 0.3, Diff: 0.1, Sum: 0.7]
      [Update RS (ms): Min: 0.0, Avg: 2.4, Max: 9.4, Diff: 9.4, Sum: 9.4]
         [Processed Buffers: Min: 0, Avg: 0.8, Max: 2, Diff: 2, Sum: 3]
      [Scan RS (ms): Min: 0.0, Avg: 0.0, Max: 0.0, Diff: 0.0, Sum: 0.0]
      [Code Root Scanning (ms): Min: 0.0, Avg: 0.0, Max: 0.0, Diff: 0.0, Sum: 0.0]
      [Object Copy (ms): Min: 0.0, Avg: 1.9, Max: 2.5, Diff: 2.5, Sum: 7.4]
      [Termination (ms): Min: 0.0, Avg: 5.2, Max: 7.0, Diff: 7.0, Sum: 21.0]
         [Termination Attempts: Min: 1, Avg: 15.8, Max: 25, Diff: 24, Sum: 63]
      [GC Worker Other (ms): Min: 0.0, Avg: 0.0, Max: 0.0, Diff: 0.0, Sum: 0.0]
      [GC Worker Total (ms): Min: 9.6, Avg: 9.7, Max: 9.7, Diff: 0.0, Sum: 38.6]
      [GC Worker End (ms): Min: 303.7, Avg: 303.7, Max: 303.7, Diff: 0.0]
   [Code Root Fixup: 0.0 ms]
   [Code Root Purge: 0.0 ms]
   [Clear CT: 0.7 ms]
   [Other: 0.9 ms]
      [Choose CSet: 0.0 ms]
      [Ref Proc: 0.2 ms]
      [Ref Enq: 0.0 ms]
      [Redirty Cards: 0.5 ms]
      [Humongous Register: 0.0 ms]
      [Humongous Reclaim: 0.0 ms]
      [Free CSet: 0.0 ms]
   [Eden: 21.0M(21.0M)->0.0B(24.0M) Survivors: 4096.0K->4096.0K Heap: 38.5M(512.0M)->19.7M(512.0M)]
 [Times: user=0.03 sys=0.02, real=0.01 secs] 
2020-10-27T14:30:43.634+0800: 0.322: [GC pause (G1 Evacuation Pause) (young), 0.0037595 secs]
   [Parallel Time: 3.3 ms, GC Workers: 4]
      [GC Worker Start (ms): Min: 321.9, Avg: 321.9, Max: 322.1, Diff: 0.2]
      [Ext Root Scanning (ms): Min: 0.0, Avg: 0.1, Max: 0.2, Diff: 0.2, Sum: 0.5]
      [Update RS (ms): Min: 0.1, Avg: 0.2, Max: 0.4, Diff: 0.3, Sum: 0.8]
         [Processed Buffers: Min: 1, Avg: 1.5, Max: 3, Diff: 2, Sum: 6]
      [Scan RS (ms): Min: 0.0, Avg: 0.0, Max: 0.0, Diff: 0.0, Sum: 0.0]
      [Code Root Scanning (ms): Min: 0.0, Avg: 0.0, Max: 0.0, Diff: 0.0, Sum: 0.0]
      [Object Copy (ms): Min: 2.5, Avg: 2.6, Max: 2.7, Diff: 0.2, Sum: 10.5]
      [Termination (ms): Min: 0.1, Avg: 0.2, Max: 0.3, Diff: 0.2, Sum: 0.8]
         [Termination Attempts: Min: 1, Avg: 1.3, Max: 2, Diff: 1, Sum: 5]
      [GC Worker Other (ms): Min: 0.0, Avg: 0.0, Max: 0.0, Diff: 0.0, Sum: 0.0]
      [GC Worker Total (ms): Min: 3.0, Avg: 3.2, Max: 3.2, Diff: 0.2, Sum: 12.7]
      [GC Worker End (ms): Min: 325.1, Avg: 325.1, Max: 325.1, Diff: 0.0]
   [Code Root Fixup: 0.0 ms]
   [Code Root Purge: 0.0 ms]
   [Clear CT: 0.1 ms]
   [Other: 0.3 ms]
      [Choose CSet: 0.0 ms]
      [Ref Proc: 0.1 ms]
      [Ref Enq: 0.0 ms]
      [Redirty Cards: 0.1 ms]
      [Humongous Register: 0.0 ms]
      [Humongous Reclaim: 0.0 ms]
      [Free CSet: 0.0 ms]
   [Eden: 24.0M(24.0M)->0.0B(36.0M) Survivors: 4096.0K->4096.0K Heap: 48.1M(512.0M)->29.2M(512.0M)]
 [Times: user=0.00 sys=0.00, real=0.00 secs] 
2020-10-27T14:30:43.655+0800: 0.343: [GC pause (G1 Evacuation Pause) (young), 0.0051585 secs]
   [Parallel Time: 4.7 ms, GC Workers: 4]
      [GC Worker Start (ms): Min: 342.9, Avg: 342.9, Max: 343.0, Diff: 0.1]
      [Ext Root Scanning (ms): Min: 0.0, Avg: 0.2, Max: 0.3, Diff: 0.3, Sum: 0.7]
      [Update RS (ms): Min: 0.1, Avg: 0.2, Max: 0.2, Diff: 0.1, Sum: 0.6]
         [Processed Buffers: Min: 1, Avg: 2.0, Max: 3, Diff: 2, Sum: 8]
      [Scan RS (ms): Min: 0.0, Avg: 0.0, Max: 0.0, Diff: 0.0, Sum: 0.1]
      [Code Root Scanning (ms): Min: 0.0, Avg: 0.0, Max: 0.0, Diff: 0.0, Sum: 0.0]
      [Object Copy (ms): Min: 3.7, Avg: 3.9, Max: 4.1, Diff: 0.4, Sum: 15.7]
      [Termination (ms): Min: 0.0, Avg: 0.3, Max: 0.5, Diff: 0.5, Sum: 1.0]
         [Termination Attempts: Min: 1, Avg: 1.0, Max: 1, Diff: 0, Sum: 4]
      [GC Worker Other (ms): Min: 0.0, Avg: 0.0, Max: 0.0, Diff: 0.0, Sum: 0.0]
      [GC Worker Total (ms): Min: 4.4, Avg: 4.5, Max: 4.6, Diff: 0.3, Sum: 18.2]
      [GC Worker End (ms): Min: 347.4, Avg: 347.5, Max: 347.5, Diff: 0.1]
   [Code Root Fixup: 0.0 ms]
   [Code Root Purge: 0.0 ms]
   [Clear CT: 0.1 ms]
   [Other: 0.4 ms]
      [Choose CSet: 0.0 ms]
      [Ref Proc: 0.1 ms]
      [Ref Enq: 0.0 ms]
      [Redirty Cards: 0.1 ms]
      [Humongous Register: 0.1 ms]
      [Humongous Reclaim: 0.0 ms]
      [Free CSet: 0.0 ms]
   [Eden: 36.0M(36.0M)->0.0B(96.0M) Survivors: 4096.0K->5120.0K Heap: 72.4M(512.0M)->44.5M(512.0M)]
 [Times: user=0.00 sys=0.00, real=0.01 secs] 
2020-10-27T14:30:43.731+0800: 0.419: [GC pause (G1 Evacuation Pause) (young), 0.0098662 secs]
   [Parallel Time: 9.4 ms, GC Workers: 4]
      [GC Worker Start (ms): Min: 418.8, Avg: 418.8, Max: 418.9, Diff: 0.0]
      [Ext Root Scanning (ms): Min: 0.2, Avg: 0.2, Max: 0.4, Diff: 0.2, Sum: 0.9]
      [Update RS (ms): Min: 0.0, Avg: 0.1, Max: 0.2, Diff: 0.2, Sum: 0.6]
         [Processed Buffers: Min: 0, Avg: 2.0, Max: 3, Diff: 3, Sum: 8]
      [Scan RS (ms): Min: 0.0, Avg: 0.0, Max: 0.0, Diff: 0.0, Sum: 0.1]
      [Code Root Scanning (ms): Min: 0.0, Avg: 0.0, Max: 0.0, Diff: 0.0, Sum: 0.0]
      [Object Copy (ms): Min: 8.8, Avg: 8.9, Max: 8.9, Diff: 0.0, Sum: 35.4]
      [Termination (ms): Min: 0.0, Avg: 0.0, Max: 0.1, Diff: 0.1, Sum: 0.1]
         [Termination Attempts: Min: 1, Avg: 1.0, Max: 1, Diff: 0, Sum: 4]
      [GC Worker Other (ms): Min: 0.0, Avg: 0.0, Max: 0.0, Diff: 0.0, Sum: 0.1]
      [GC Worker Total (ms): Min: 9.3, Avg: 9.3, Max: 9.3, Diff: 0.1, Sum: 37.1]
      [GC Worker End (ms): Min: 428.1, Avg: 428.1, Max: 428.1, Diff: 0.0]
   [Code Root Fixup: 0.0 ms]
   [Code Root Purge: 0.0 ms]
   [Clear CT: 0.1 ms]
   [Other: 0.4 ms]
      [Choose CSet: 0.0 ms]
      [Ref Proc: 0.1 ms]
      [Ref Enq: 0.0 ms]
      [Redirty Cards: 0.1 ms]
      [Humongous Register: 0.0 ms]
      [Humongous Reclaim: 0.1 ms]
      [Free CSet: 0.1 ms]
   [Eden: 96.0M(96.0M)->0.0B(50.0M) Survivors: 5120.0K->13.0M Heap: 167.2M(512.0M)->85.5M(512.0M)]
 [Times: user=0.02 sys=0.05, real=0.01 secs] 
2020-10-27T14:30:43.755+0800: 0.443: [GC pause (G1 Evacuation Pause) (young), 0.0063424 secs]
   [Parallel Time: 5.9 ms, GC Workers: 4]
      [GC Worker Start (ms): Min: 443.5, Avg: 443.5, Max: 443.5, Diff: 0.0]
      [Ext Root Scanning (ms): Min: 0.1, Avg: 0.1, Max: 0.2, Diff: 0.0, Sum: 0.6]
      [Update RS (ms): Min: 0.2, Avg: 0.2, Max: 0.2, Diff: 0.0, Sum: 0.6]
         [Processed Buffers: Min: 1, Avg: 2.3, Max: 3, Diff: 2, Sum: 9]
      [Scan RS (ms): Min: 0.0, Avg: 0.0, Max: 0.0, Diff: 0.0, Sum: 0.0]
      [Code Root Scanning (ms): Min: 0.0, Avg: 0.0, Max: 0.0, Diff: 0.0, Sum: 0.0]
      [Object Copy (ms): Min: 5.5, Avg: 5.5, Max: 5.5, Diff: 0.0, Sum: 22.0]
      [Termination (ms): Min: 0.0, Avg: 0.0, Max: 0.0, Diff: 0.0, Sum: 0.1]
         [Termination Attempts: Min: 1, Avg: 1.0, Max: 1, Diff: 0, Sum: 4]
      [GC Worker Other (ms): Min: 0.0, Avg: 0.0, Max: 0.0, Diff: 0.0, Sum: 0.0]
      [GC Worker Total (ms): Min: 5.8, Avg: 5.8, Max: 5.9, Diff: 0.0, Sum: 23.4]
      [GC Worker End (ms): Min: 449.3, Avg: 449.3, Max: 449.3, Diff: 0.0]
   [Code Root Fixup: 0.0 ms]
   [Code Root Purge: 0.0 ms]
   [Clear CT: 0.1 ms]
   [Other: 0.3 ms]
      [Choose CSet: 0.0 ms]
      [Ref Proc: 0.1 ms]
      [Ref Enq: 0.0 ms]
      [Redirty Cards: 0.1 ms]
      [Humongous Register: 0.0 ms]
      [Humongous Reclaim: 0.0 ms]
      [Free CSet: 0.0 ms]
   [Eden: 50.0M(50.0M)->0.0B(125.0M) Survivors: 13.0M->8192.0K Heap: 147.2M(512.0M)->106.2M(512.0M)]
 [Times: user=0.00 sys=0.00, real=0.01 secs] 
2020-10-27T14:30:43.832+0800: 0.520: [GC pause (G1 Evacuation Pause) (young), 0.0133466 secs]
   [Parallel Time: 12.7 ms, GC Workers: 4]
      [GC Worker Start (ms): Min: 520.1, Avg: 520.1, Max: 520.1, Diff: 0.0]
      [Ext Root Scanning (ms): Min: 0.1, Avg: 0.1, Max: 0.2, Diff: 0.0, Sum: 0.6]
      [Update RS (ms): Min: 0.3, Avg: 0.3, Max: 0.3, Diff: 0.1, Sum: 1.1]
         [Processed Buffers: Min: 3, Avg: 3.8, Max: 4, Diff: 1, Sum: 15]
      [Scan RS (ms): Min: 0.0, Avg: 0.0, Max: 0.0, Diff: 0.0, Sum: 0.1]
      [Code Root Scanning (ms): Min: 0.0, Avg: 0.0, Max: 0.0, Diff: 0.0, Sum: 0.0]
      [Object Copy (ms): Min: 11.9, Avg: 12.1, Max: 12.2, Diff: 0.3, Sum: 48.3]
      [Termination (ms): Min: 0.0, Avg: 0.1, Max: 0.3, Diff: 0.3, Sum: 0.5]
         [Termination Attempts: Min: 1, Avg: 1.0, Max: 1, Diff: 0, Sum: 4]
      [GC Worker Other (ms): Min: 0.0, Avg: 0.0, Max: 0.0, Diff: 0.0, Sum: 0.0]
      [GC Worker Total (ms): Min: 12.6, Avg: 12.6, Max: 12.7, Diff: 0.1, Sum: 50.6]
      [GC Worker End (ms): Min: 532.8, Avg: 532.8, Max: 532.8, Diff: 0.0]
   [Code Root Fixup: 0.0 ms]
   [Code Root Purge: 0.0 ms]
   [Clear CT: 0.1 ms]
   [Other: 0.6 ms]
      [Choose CSet: 0.0 ms]
      [Ref Proc: 0.1 ms]
      [Ref Enq: 0.0 ms]
      [Redirty Cards: 0.0 ms]
      [Humongous Register: 0.0 ms]
      [Humongous Reclaim: 0.1 ms]
      [Free CSet: 0.1 ms]
   [Eden: 125.0M(125.0M)->0.0B(106.0M) Survivors: 8192.0K->17.0M Heap: 279.3M(512.0M)->160.4M(512.0M)]
 [Times: user=0.00 sys=0.06, real=0.01 secs] 
2020-10-27T14:30:43.875+0800: 0.563: [GC pause (G1 Evacuation Pause) (young), 0.0117881 secs]
   [Parallel Time: 11.1 ms, GC Workers: 4]
      [GC Worker Start (ms): Min: 562.9, Avg: 563.0, Max: 563.2, Diff: 0.3]
      [Ext Root Scanning (ms): Min: 0.0, Avg: 0.1, Max: 0.2, Diff: 0.2, Sum: 0.5]
      [Update RS (ms): Min: 0.3, Avg: 0.4, Max: 0.5, Diff: 0.2, Sum: 1.6]
         [Processed Buffers: Min: 1, Avg: 2.8, Max: 4, Diff: 3, Sum: 11]
      [Scan RS (ms): Min: 0.0, Avg: 0.0, Max: 0.0, Diff: 0.0, Sum: 0.1]
      [Code Root Scanning (ms): Min: 0.0, Avg: 0.0, Max: 0.0, Diff: 0.0, Sum: 0.0]
      [Object Copy (ms): Min: 10.3, Avg: 10.3, Max: 10.4, Diff: 0.1, Sum: 41.3]
      [Termination (ms): Min: 0.0, Avg: 0.1, Max: 0.2, Diff: 0.2, Sum: 0.5]
         [Termination Attempts: Min: 1, Avg: 1.0, Max: 1, Diff: 0, Sum: 4]
      [GC Worker Other (ms): Min: 0.0, Avg: 0.0, Max: 0.0, Diff: 0.0, Sum: 0.0]
      [GC Worker Total (ms): Min: 10.7, Avg: 11.0, Max: 11.1, Diff: 0.3, Sum: 43.9]
      [GC Worker End (ms): Min: 573.9, Avg: 573.9, Max: 574.0, Diff: 0.1]
   [Code Root Fixup: 0.0 ms]
   [Code Root Purge: 0.0 ms]
   [Clear CT: 0.1 ms]
   [Other: 0.6 ms]
      [Choose CSet: 0.0 ms]
      [Ref Proc: 0.2 ms]
      [Ref Enq: 0.0 ms]
      [Redirty Cards: 0.1 ms]
      [Humongous Register: 0.1 ms]
      [Humongous Reclaim: 0.1 ms]
      [Free CSet: 0.1 ms]
   [Eden: 106.0M(106.0M)->0.0B(142.0M) Survivors: 17.0M->16.0M Heap: 298.9M(512.0M)->199.2M(512.0M)]
 [Times: user=0.00 sys=0.00, real=0.01 secs] 
2020-10-27T14:30:43.897+0800: 0.585: [GC pause (G1 Humongous Allocation) (young) (initial-mark), 0.0053647 secs]
   [Parallel Time: 4.7 ms, GC Workers: 4]
      [GC Worker Start (ms): Min: 584.8, Avg: 584.9, Max: 585.0, Diff: 0.2]
      [Ext Root Scanning (ms): Min: 0.0, Avg: 0.2, Max: 0.4, Diff: 0.4, Sum: 0.9]
      [Update RS (ms): Min: 0.5, Avg: 0.6, Max: 0.8, Diff: 0.3, Sum: 2.5]
         [Processed Buffers: Min: 4, Avg: 5.5, Max: 7, Diff: 3, Sum: 22]
      [Scan RS (ms): Min: 0.0, Avg: 0.0, Max: 0.0, Diff: 0.0, Sum: 0.0]
      [Code Root Scanning (ms): Min: 0.0, Avg: 0.0, Max: 0.0, Diff: 0.0, Sum: 0.0]
      [Object Copy (ms): Min: 3.3, Avg: 3.6, Max: 3.8, Diff: 0.5, Sum: 14.4]
      [Termination (ms): Min: 0.0, Avg: 0.1, Max: 0.1, Diff: 0.1, Sum: 0.4]
         [Termination Attempts: Min: 1, Avg: 1.0, Max: 1, Diff: 0, Sum: 4]
      [GC Worker Other (ms): Min: 0.0, Avg: 0.0, Max: 0.0, Diff: 0.0, Sum: 0.0]
      [GC Worker Total (ms): Min: 4.4, Avg: 4.6, Max: 4.7, Diff: 0.3, Sum: 18.3]
      [GC Worker End (ms): Min: 589.4, Avg: 589.5, Max: 589.5, Diff: 0.1]
   [Code Root Fixup: 0.0 ms]
   [Code Root Purge: 0.0 ms]
   [Clear CT: 0.1 ms]
   [Other: 0.6 ms]
      [Choose CSet: 0.0 ms]
      [Ref Proc: 0.2 ms]
      [Ref Enq: 0.0 ms]
      [Redirty Cards: 0.1 ms]
      [Humongous Register: 0.1 ms]
      [Humongous Reclaim: 0.0 ms]
      [Free CSet: 0.0 ms]
   [Eden: 43.0M(142.0M)->0.0B(155.0M) Survivors: 16.0M->15.0M Heap: 252.2M(512.0M)->216.5M(512.0M)]
 [Times: user=0.00 sys=0.00, real=0.00 secs] 
2020-10-27T14:30:43.902+0800: 0.590: [GC concurrent-root-region-scan-start]
2020-10-27T14:30:43.903+0800: 0.590: [GC concurrent-root-region-scan-end, 0.0001930 secs]
2020-10-27T14:30:43.903+0800: 0.590: [GC concurrent-mark-start]
2020-10-27T14:30:43.907+0800: 0.594: [GC concurrent-mark-end, 0.0038838 secs]
2020-10-27T14:30:43.907+0800: 0.594: [GC remark 2020-10-27T14:30:43.907+0800: 0.595: [Finalize Marking, 0.0001693 secs] 2020-10-27T14:30:43.907+0800: 0.595: [GC ref-proc, 0.0003317 secs] 2020-10-27T14:30:43.907+0800: 0.595: [Unloading, 0.0005948 secs], 0.0020549 secs]
 [Times: user=0.00 sys=0.00, real=0.00 secs] 
2020-10-27T14:30:43.910+0800: 0.597: [GC cleanup 239M->239M(512M), 0.0005362 secs]
 [Times: user=0.00 sys=0.00, real=0.00 secs] 
2020-10-27T14:30:43.980+0800: 0.668: [GC pause (G1 Evacuation Pause) (young) (to-space exhausted), 0.1263732 secs]
   [Parallel Time: 125.2 ms, GC Workers: 4]
      [GC Worker Start (ms): Min: 668.4, Avg: 668.4, Max: 668.4, Diff: 0.0]
      [Ext Root Scanning (ms): Min: 0.1, Avg: 0.2, Max: 0.2, Diff: 0.0, Sum: 0.6]
      [Update RS (ms): Min: 0.3, Avg: 0.3, Max: 0.5, Diff: 0.2, Sum: 1.4]
         [Processed Buffers: Min: 0, Avg: 3.8, Max: 6, Diff: 6, Sum: 15]
      [Scan RS (ms): Min: 0.0, Avg: 0.1, Max: 0.4, Diff: 0.4, Sum: 0.4]
      [Code Root Scanning (ms): Min: 0.0, Avg: 0.0, Max: 0.0, Diff: 0.0, Sum: 0.0]
      [Object Copy (ms): Min: 124.2, Avg: 124.4, Max: 124.6, Diff: 0.4, Sum: 497.6]
      [Termination (ms): Min: 0.0, Avg: 0.0, Max: 0.0, Diff: 0.0, Sum: 0.1]
         [Termination Attempts: Min: 1, Avg: 1.0, Max: 1, Diff: 0, Sum: 4]
      [GC Worker Other (ms): Min: 0.0, Avg: 0.0, Max: 0.0, Diff: 0.0, Sum: 0.1]
      [GC Worker Total (ms): Min: 125.0, Avg: 125.1, Max: 125.1, Diff: 0.0, Sum: 500.2]
      [GC Worker End (ms): Min: 793.5, Avg: 793.5, Max: 793.5, Diff: 0.0]
   [Code Root Fixup: 0.0 ms]
   [Code Root Purge: 0.0 ms]
   [Clear CT: 0.1 ms]
   [Other: 1.1 ms]
      [Evacuation Failure: 0.5 ms]
      [Choose CSet: 0.0 ms]
      [Ref Proc: 0.2 ms]
      [Ref Enq: 0.0 ms]
      [Redirty Cards: 0.1 ms]
      [Humongous Register: 0.1 ms]
      [Humongous Reclaim: 0.1 ms]
      [Free CSet: 0.1 ms]
   [Eden: 155.0M(155.0M)->0.0B(4096.0K) Survivors: 15.0M->22.0M Heap: 419.7M(512.0M)->357.2M(512.0M)]
 [Times: user=0.06 sys=0.06, real=0.13 secs] 
2020-10-27T14:30:44.108+0800: 0.796: [GC pause (G1 Evacuation Pause) (mixed), 0.0056712 secs]
   [Parallel Time: 5.1 ms, GC Workers: 4]
      [GC Worker Start (ms): Min: 796.1, Avg: 796.2, Max: 796.2, Diff: 0.0]
      [Ext Root Scanning (ms): Min: 0.2, Avg: 0.2, Max: 0.2, Diff: 0.0, Sum: 0.7]
      [Update RS (ms): Min: 0.1, Avg: 0.4, Max: 0.6, Diff: 0.5, Sum: 1.7]
         [Processed Buffers: Min: 1, Avg: 5.8, Max: 11, Diff: 10, Sum: 23]
      [Scan RS (ms): Min: 0.0, Avg: 0.0, Max: 0.0, Diff: 0.0, Sum: 0.1]
      [Code Root Scanning (ms): Min: 0.0, Avg: 0.0, Max: 0.0, Diff: 0.0, Sum: 0.0]
      [Object Copy (ms): Min: 4.0, Avg: 4.2, Max: 4.5, Diff: 0.4, Sum: 16.9]
      [Termination (ms): Min: 0.0, Avg: 0.1, Max: 0.2, Diff: 0.2, Sum: 0.5]
         [Termination Attempts: Min: 1, Avg: 1.0, Max: 1, Diff: 0, Sum: 4]
      [GC Worker Other (ms): Min: 0.0, Avg: 0.0, Max: 0.0, Diff: 0.0, Sum: 0.0]
      [GC Worker Total (ms): Min: 5.0, Avg: 5.0, Max: 5.0, Diff: 0.0, Sum: 20.0]
      [GC Worker End (ms): Min: 801.1, Avg: 801.1, Max: 801.2, Diff: 0.0]
   [Code Root Fixup: 0.0 ms]
   [Code Root Purge: 0.0 ms]
   [Clear CT: 0.1 ms]
   [Other: 0.4 ms]
      [Choose CSet: 0.0 ms]
      [Ref Proc: 0.1 ms]
      [Ref Enq: 0.0 ms]
      [Redirty Cards: 0.1 ms]
      [Humongous Register: 0.1 ms]
      [Humongous Reclaim: 0.0 ms]
      [Free CSet: 0.1 ms]
   [Eden: 4096.0K(4096.0K)->0.0B(56.0M) Survivors: 22.0M->2048.0K Heap: 363.0M(512.0M)->344.6M(512.0M)]
 [Times: user=0.00 sys=0.00, real=0.01 secs] 
2020-10-27T14:30:44.115+0800: 0.803: [GC pause (G1 Humongous Allocation) (young) (initial-mark), 0.0012408 secs]
   [Parallel Time: 0.7 ms, GC Workers: 4]
      [GC Worker Start (ms): Min: 803.1, Avg: 803.2, Max: 803.2, Diff: 0.0]
      [Ext Root Scanning (ms): Min: 0.2, Avg: 0.2, Max: 0.2, Diff: 0.0, Sum: 0.7]
      [Update RS (ms): Min: 0.1, Avg: 0.1, Max: 0.2, Diff: 0.1, Sum: 0.4]
         [Processed Buffers: Min: 1, Avg: 1.3, Max: 2, Diff: 1, Sum: 5]
      [Scan RS (ms): Min: 0.0, Avg: 0.0, Max: 0.0, Diff: 0.0, Sum: 0.0]
      [Code Root Scanning (ms): Min: 0.0, Avg: 0.0, Max: 0.0, Diff: 0.0, Sum: 0.0]
      [Object Copy (ms): Min: 0.2, Avg: 0.3, Max: 0.4, Diff: 0.2, Sum: 1.2]
      [Termination (ms): Min: 0.0, Avg: 0.1, Max: 0.1, Diff: 0.1, Sum: 0.3]
         [Termination Attempts: Min: 1, Avg: 1.0, Max: 1, Diff: 0, Sum: 4]
      [GC Worker Other (ms): Min: 0.0, Avg: 0.0, Max: 0.0, Diff: 0.0, Sum: 0.0]
      [GC Worker Total (ms): Min: 0.6, Avg: 0.7, Max: 0.7, Diff: 0.0, Sum: 2.6]
      [GC Worker End (ms): Min: 803.8, Avg: 803.8, Max: 803.8, Diff: 0.0]
   [Code Root Fixup: 0.0 ms]
   [Code Root Purge: 0.0 ms]
   [Clear CT: 0.1 ms]
   [Other: 0.4 ms]
      [Choose CSet: 0.0 ms]
      [Ref Proc: 0.1 ms]
      [Ref Enq: 0.0 ms]
      [Redirty Cards: 0.1 ms]
      [Humongous Register: 0.1 ms]
      [Humongous Reclaim: 0.0 ms]
      [Free CSet: 0.0 ms]
   [Eden: 2048.0K(56.0M)->0.0B(58.0M) Survivors: 2048.0K->3072.0K Heap: 346.3M(512.0M)->345.4M(512.0M)]
 [Times: user=0.00 sys=0.00, real=0.00 secs] 
2020-10-27T14:30:44.117+0800: 0.804: [GC concurrent-root-region-scan-start]
2020-10-27T14:30:44.117+0800: 0.804: [GC concurrent-root-region-scan-end, 0.0001004 secs]
2020-10-27T14:30:44.117+0800: 0.804: [GC concurrent-mark-start]
2020-10-27T14:30:44.122+0800: 0.809: [GC concurrent-mark-end, 0.0049060 secs]
2020-10-27T14:30:44.122+0800: 0.810: [GC remark 2020-10-27T14:30:44.122+0800: 0.810: [Finalize Marking, 0.0001962 secs] 2020-10-27T14:30:44.122+0800: 0.810: [GC ref-proc, 0.0002839 secs] 2020-10-27T14:30:44.122+0800: 0.810: [Unloading, 0.0008845 secs], 0.0026942 secs]
 [Times: user=0.00 sys=0.00, real=0.00 secs] 
2020-10-27T14:30:44.125+0800: 0.813: [GC cleanup 369M->369M(512M), 0.0006105 secs]
 [Times: user=0.00 sys=0.00, real=0.00 secs] 
2020-10-27T14:30:44.137+0800: 0.825: [GC pause (G1 Evacuation Pause) (young), 0.0048710 secs]
   [Parallel Time: 4.2 ms, GC Workers: 4]
      [GC Worker Start (ms): Min: 824.8, Avg: 825.0, Max: 825.7, Diff: 0.9]
      [Ext Root Scanning (ms): Min: 0.0, Avg: 0.1, Max: 0.2, Diff: 0.2, Sum: 0.6]
      [Update RS (ms): Min: 0.0, Avg: 0.4, Max: 0.5, Diff: 0.5, Sum: 1.6]
         [Processed Buffers: Min: 0, Avg: 3.8, Max: 7, Diff: 7, Sum: 15]
      [Scan RS (ms): Min: 0.0, Avg: 0.0, Max: 0.0, Diff: 0.0, Sum: 0.0]
      [Code Root Scanning (ms): Min: 0.0, Avg: 0.0, Max: 0.0, Diff: 0.0, Sum: 0.0]
      [Object Copy (ms): Min: 3.3, Avg: 3.3, Max: 3.4, Diff: 0.1, Sum: 13.3]
      [Termination (ms): Min: 0.0, Avg: 0.1, Max: 0.1, Diff: 0.1, Sum: 0.2]
         [Termination Attempts: Min: 1, Avg: 1.0, Max: 1, Diff: 0, Sum: 4]
      [GC Worker Other (ms): Min: 0.0, Avg: 0.0, Max: 0.0, Diff: 0.0, Sum: 0.1]
      [GC Worker Total (ms): Min: 3.3, Avg: 3.9, Max: 4.2, Diff: 0.9, Sum: 15.8]
      [GC Worker End (ms): Min: 828.9, Avg: 829.0, Max: 829.0, Diff: 0.0]
   [Code Root Fixup: 0.0 ms]
   [Code Root Purge: 0.0 ms]
   [Clear CT: 0.1 ms]
   [Other: 0.5 ms]
      [Choose CSet: 0.0 ms]
      [Ref Proc: 0.1 ms]
      [Ref Enq: 0.0 ms]
      [Redirty Cards: 0.2 ms]
      [Humongous Register: 0.1 ms]
      [Humongous Reclaim: 0.0 ms]
      [Free CSet: 0.0 ms]
   [Eden: 58.0M(58.0M)->0.0B(17.0M) Survivors: 3072.0K->8192.0K Heap: 422.1M(512.0M)->367.0M(512.0M)]
 [Times: user=0.05 sys=0.00, real=0.00 secs] 
2020-10-27T14:30:44.147+0800: 0.835: [GC pause (G1 Evacuation Pause) (mixed), 0.0043659 secs]
   [Parallel Time: 3.8 ms, GC Workers: 4]
      [GC Worker Start (ms): Min: 835.0, Avg: 835.1, Max: 835.1, Diff: 0.1]
      [Ext Root Scanning (ms): Min: 0.1, Avg: 0.2, Max: 0.2, Diff: 0.1, Sum: 0.7]
      [Update RS (ms): Min: 0.4, Avg: 0.5, Max: 0.7, Diff: 0.3, Sum: 2.0]
         [Processed Buffers: Min: 2, Avg: 4.0, Max: 6, Diff: 4, Sum: 16]
      [Scan RS (ms): Min: 0.0, Avg: 0.0, Max: 0.1, Diff: 0.1, Sum: 0.1]
      [Code Root Scanning (ms): Min: 0.0, Avg: 0.0, Max: 0.0, Diff: 0.0, Sum: 0.0]
      [Object Copy (ms): Min: 2.7, Avg: 2.8, Max: 2.8, Diff: 0.1, Sum: 11.2]
      [Termination (ms): Min: 0.0, Avg: 0.1, Max: 0.2, Diff: 0.2, Sum: 0.5]
         [Termination Attempts: Min: 1, Avg: 1.0, Max: 1, Diff: 0, Sum: 4]
      [GC Worker Other (ms): Min: 0.0, Avg: 0.0, Max: 0.0, Diff: 0.0, Sum: 0.0]
      [GC Worker Total (ms): Min: 3.6, Avg: 3.6, Max: 3.7, Diff: 0.1, Sum: 14.5]
      [GC Worker End (ms): Min: 838.7, Avg: 838.7, Max: 838.7, Diff: 0.0]
   [Code Root Fixup: 0.0 ms]
   [Code Root Purge: 0.0 ms]
   [Clear CT: 0.1 ms]
   [Other: 0.5 ms]
      [Choose CSet: 0.0 ms]
      [Ref Proc: 0.1 ms]
      [Ref Enq: 0.0 ms]
      [Redirty Cards: 0.1 ms]
      [Humongous Register: 0.1 ms]
      [Humongous Reclaim: 0.0 ms]
      [Free CSet: 0.1 ms]
   [Eden: 17.0M(17.0M)->0.0B(21.0M) Survivors: 8192.0K->4096.0K Heap: 388.1M(512.0M)->325.7M(512.0M)]
 [Times: user=0.00 sys=0.00, real=0.00 secs] 
2020-10-27T14:30:44.159+0800: 0.846: [GC pause (G1 Evacuation Pause) (mixed), 0.0049091 secs]
   [Parallel Time: 4.2 ms, GC Workers: 4]
      [GC Worker Start (ms): Min: 846.5, Avg: 846.6, Max: 847.0, Diff: 0.5]
      [Ext Root Scanning (ms): Min: 0.0, Avg: 0.1, Max: 0.2, Diff: 0.2, Sum: 0.6]
      [Update RS (ms): Min: 0.3, Avg: 0.6, Max: 0.6, Diff: 0.3, Sum: 2.2]
         [Processed Buffers: Min: 4, Avg: 5.8, Max: 8, Diff: 4, Sum: 23]
      [Scan RS (ms): Min: 0.0, Avg: 0.0, Max: 0.1, Diff: 0.0, Sum: 0.1]
      [Code Root Scanning (ms): Min: 0.0, Avg: 0.0, Max: 0.0, Diff: 0.0, Sum: 0.0]
      [Object Copy (ms): Min: 3.2, Avg: 3.2, Max: 3.3, Diff: 0.1, Sum: 13.0]
      [Termination (ms): Min: 0.0, Avg: 0.0, Max: 0.1, Diff: 0.1, Sum: 0.2]
         [Termination Attempts: Min: 1, Avg: 1.0, Max: 1, Diff: 0, Sum: 4]
      [GC Worker Other (ms): Min: 0.0, Avg: 0.0, Max: 0.0, Diff: 0.0, Sum: 0.0]
      [GC Worker Total (ms): Min: 3.7, Avg: 4.0, Max: 4.2, Diff: 0.5, Sum: 16.1]
      [GC Worker End (ms): Min: 850.7, Avg: 850.7, Max: 850.7, Diff: 0.0]
   [Code Root Fixup: 0.0 ms]
   [Code Root Purge: 0.0 ms]
   [Clear CT: 0.1 ms]
   [Other: 0.6 ms]
      [Choose CSet: 0.0 ms]
      [Ref Proc: 0.1 ms]
      [Ref Enq: 0.0 ms]
      [Redirty Cards: 0.2 ms]
      [Humongous Register: 0.1 ms]
      [Humongous Reclaim: 0.0 ms]
      [Free CSet: 0.1 ms]
   [Eden: 21.0M(21.0M)->0.0B(21.0M) Survivors: 4096.0K->4096.0K Heap: 350.6M(512.0M)->295.6M(512.0M)]
 [Times: user=0.00 sys=0.00, real=0.01 secs] 
2020-10-27T14:30:44.168+0800: 0.856: [GC pause (G1 Evacuation Pause) (mixed), 0.0053074 secs]
   [Parallel Time: 4.6 ms, GC Workers: 4]
      [GC Worker Start (ms): Min: 856.2, Avg: 856.2, Max: 856.2, Diff: 0.0]
      [Ext Root Scanning (ms): Min: 0.1, Avg: 0.1, Max: 0.2, Diff: 0.0, Sum: 0.6]
      [Update RS (ms): Min: 0.4, Avg: 0.5, Max: 0.6, Diff: 0.2, Sum: 1.8]
         [Processed Buffers: Min: 0, Avg: 4.5, Max: 6, Diff: 6, Sum: 18]
      [Scan RS (ms): Min: 0.0, Avg: 0.0, Max: 0.1, Diff: 0.1, Sum: 0.1]
      [Code Root Scanning (ms): Min: 0.0, Avg: 0.0, Max: 0.0, Diff: 0.0, Sum: 0.0]
      [Object Copy (ms): Min: 3.7, Avg: 3.8, Max: 3.8, Diff: 0.1, Sum: 15.2]
      [Termination (ms): Min: 0.0, Avg: 0.0, Max: 0.1, Diff: 0.1, Sum: 0.2]
         [Termination Attempts: Min: 1, Avg: 1.0, Max: 1, Diff: 0, Sum: 4]
      [GC Worker Other (ms): Min: 0.0, Avg: 0.0, Max: 0.0, Diff: 0.0, Sum: 0.0]
      [GC Worker Total (ms): Min: 4.5, Avg: 4.5, Max: 4.5, Diff: 0.0, Sum: 17.9]
      [GC Worker End (ms): Min: 860.7, Avg: 860.7, Max: 860.7, Diff: 0.0]
   [Code Root Fixup: 0.0 ms]
   [Code Root Purge: 0.0 ms]
   [Clear CT: 0.1 ms]
   [Other: 0.6 ms]
      [Choose CSet: 0.0 ms]
      [Ref Proc: 0.2 ms]
      [Ref Enq: 0.0 ms]
      [Redirty Cards: 0.2 ms]
      [Humongous Register: 0.1 ms]
      [Humongous Reclaim: 0.0 ms]
      [Free CSet: 0.1 ms]
   [Eden: 21.0M(21.0M)->0.0B(110.0M) Survivors: 4096.0K->4096.0K Heap: 322.8M(512.0M)->279.3M(512.0M)]
 [Times: user=0.03 sys=0.00, real=0.01 secs] 
2020-10-27T14:30:44.175+0800: 0.862: [GC pause (G1 Humongous Allocation) (young) (initial-mark), 0.0018450 secs]
   [Parallel Time: 1.3 ms, GC Workers: 4]
      [GC Worker Start (ms): Min: 862.6, Avg: 862.7, Max: 862.7, Diff: 0.1]
      [Ext Root Scanning (ms): Min: 0.1, Avg: 0.2, Max: 0.2, Diff: 0.1, Sum: 0.7]
      [Update RS (ms): Min: 0.1, Avg: 0.1, Max: 0.2, Diff: 0.1, Sum: 0.4]
         [Processed Buffers: Min: 1, Avg: 1.3, Max: 2, Diff: 1, Sum: 5]
      [Scan RS (ms): Min: 0.0, Avg: 0.0, Max: 0.0, Diff: 0.0, Sum: 0.0]
      [Code Root Scanning (ms): Min: 0.0, Avg: 0.0, Max: 0.0, Diff: 0.0, Sum: 0.0]
      [Object Copy (ms): Min: 0.6, Avg: 0.7, Max: 0.8, Diff: 0.2, Sum: 2.8]
      [Termination (ms): Min: 0.0, Avg: 0.1, Max: 0.2, Diff: 0.2, Sum: 0.4]
         [Termination Attempts: Min: 1, Avg: 1.0, Max: 1, Diff: 0, Sum: 4]
      [GC Worker Other (ms): Min: 0.0, Avg: 0.0, Max: 0.0, Diff: 0.0, Sum: 0.1]
      [GC Worker Total (ms): Min: 1.0, Avg: 1.1, Max: 1.1, Diff: 0.1, Sum: 4.3]
      [GC Worker End (ms): Min: 863.7, Avg: 863.7, Max: 863.8, Diff: 0.0]
   [Code Root Fixup: 0.0 ms]
   [Code Root Purge: 0.0 ms]
   [Clear CT: 0.1 ms]
   [Other: 0.5 ms]
      [Choose CSet: 0.0 ms]
      [Ref Proc: 0.2 ms]
      [Ref Enq: 0.0 ms]
      [Redirty Cards: 0.1 ms]
      [Humongous Register: 0.1 ms]
      [Humongous Reclaim: 0.0 ms]
      [Free CSet: 0.0 ms]
   [Eden: 5120.0K(110.0M)->0.0B(113.0M) Survivors: 4096.0K->6144.0K Heap: 283.8M(512.0M)->280.4M(512.0M)]
 [Times: user=0.00 sys=0.00, real=0.00 secs] 
2020-10-27T14:30:44.177+0800: 0.864: [GC concurrent-root-region-scan-start]
2020-10-27T14:30:44.177+0800: 0.865: [GC concurrent-root-region-scan-end, 0.0001208 secs]
2020-10-27T14:30:44.177+0800: 0.865: [GC concurrent-mark-start]
2020-10-27T14:30:44.181+0800: 0.869: [GC concurrent-mark-end, 0.0041866 secs]
2020-10-27T14:30:44.182+0800: 0.869: [GC remark 2020-10-27T14:30:44.182+0800: 0.869: [Finalize Marking, 0.0002429 secs] 2020-10-27T14:30:44.182+0800: 0.869: [GC ref-proc, 0.0002401 secs] 2020-10-27T14:30:44.182+0800: 0.870: [Unloading, 0.0005955 secs], 0.0023007 secs]
 [Times: user=0.00 sys=0.00, real=0.00 secs] 
2020-10-27T14:30:44.184+0800: 0.872: [GC cleanup 301M->301M(512M), 0.0011914 secs]
 [Times: user=0.00 sys=0.00, real=0.00 secs] 
2020-10-27T14:30:44.207+0800: 0.895: [GC pause (G1 Evacuation Pause) (young) (to-space exhausted), 0.0057927 secs]
   [Parallel Time: 5.1 ms, GC Workers: 4]
      [GC Worker Start (ms): Min: 895.0, Avg: 895.0, Max: 895.0, Diff: 0.0]
      [Ext Root Scanning (ms): Min: 0.1, Avg: 0.2, Max: 0.2, Diff: 0.0, Sum: 0.6]
      [Update RS (ms): Min: 0.4, Avg: 0.4, Max: 0.4, Diff: 0.1, Sum: 1.6]
         [Processed Buffers: Min: 1, Avg: 4.8, Max: 6, Diff: 5, Sum: 19]
      [Scan RS (ms): Min: 0.0, Avg: 0.0, Max: 0.0, Diff: 0.0, Sum: 0.1]
      [Code Root Scanning (ms): Min: 0.0, Avg: 0.0, Max: 0.0, Diff: 0.0, Sum: 0.0]
      [Object Copy (ms): Min: 4.4, Avg: 4.4, Max: 4.4, Diff: 0.0, Sum: 17.7]
      [Termination (ms): Min: 0.0, Avg: 0.0, Max: 0.0, Diff: 0.0, Sum: 0.1]
         [Termination Attempts: Min: 1, Avg: 1.0, Max: 1, Diff: 0, Sum: 4]
      [GC Worker Other (ms): Min: 0.0, Avg: 0.0, Max: 0.0, Diff: 0.0, Sum: 0.1]
      [GC Worker Total (ms): Min: 5.0, Avg: 5.0, Max: 5.1, Diff: 0.0, Sum: 20.2]
      [GC Worker End (ms): Min: 900.1, Avg: 900.1, Max: 900.1, Diff: 0.0]
   [Code Root Fixup: 0.0 ms]
   [Code Root Purge: 0.0 ms]
   [Clear CT: 0.1 ms]
   [Other: 0.6 ms]
      [Evacuation Failure: 0.1 ms]
      [Choose CSet: 0.0 ms]
      [Ref Proc: 0.1 ms]
      [Ref Enq: 0.0 ms]
      [Redirty Cards: 0.1 ms]
      [Humongous Register: 0.1 ms]
      [Humongous Reclaim: 0.1 ms]
      [Free CSet: 0.1 ms]
   [Eden: 113.0M(113.0M)->0.0B(10.0M) Survivors: 6144.0K->15.0M Heap: 420.6M(512.0M)->342.4M(512.0M)]
 [Times: user=0.00 sys=0.00, real=0.00 secs] 
2020-10-27T14:30:44.215+0800: 0.904: [GC pause (G1 Evacuation Pause) (mixed), 0.0066132 secs]
   [Parallel Time: 5.9 ms, GC Workers: 4]
      [GC Worker Start (ms): Min: 904.2, Avg: 904.2, Max: 904.2, Diff: 0.0]
      [Ext Root Scanning (ms): Min: 0.1, Avg: 0.2, Max: 0.2, Diff: 0.0, Sum: 0.6]
      [Update RS (ms): Min: 0.4, Avg: 0.5, Max: 0.5, Diff: 0.0, Sum: 1.9]
         [Processed Buffers: Min: 4, Avg: 6.0, Max: 7, Diff: 3, Sum: 24]
      [Scan RS (ms): Min: 0.0, Avg: 0.0, Max: 0.1, Diff: 0.0, Sum: 0.1]
      [Code Root Scanning (ms): Min: 0.0, Avg: 0.0, Max: 0.0, Diff: 0.0, Sum: 0.0]
      [Object Copy (ms): Min: 5.1, Avg: 5.1, Max: 5.1, Diff: 0.0, Sum: 20.3]
      [Termination (ms): Min: 0.0, Avg: 0.0, Max: 0.0, Diff: 0.0, Sum: 0.1]
         [Termination Attempts: Min: 1, Avg: 1.0, Max: 1, Diff: 0, Sum: 4]
      [GC Worker Other (ms): Min: 0.0, Avg: 0.0, Max: 0.0, Diff: 0.0, Sum: 0.0]
      [GC Worker Total (ms): Min: 5.8, Avg: 5.8, Max: 5.8, Diff: 0.0, Sum: 23.1]
      [GC Worker End (ms): Min: 909.9, Avg: 909.9, Max: 909.9, Diff: 0.0]
   [Code Root Fixup: 0.0 ms]
   [Code Root Purge: 0.0 ms]
   [Clear CT: 0.1 ms]
   [Other: 0.6 ms]
      [Choose CSet: 0.0 ms]
      [Ref Proc: 0.3 ms]
      [Ref Enq: 0.0 ms]
      [Redirty Cards: 0.1 ms]
      [Humongous Register: 0.1 ms]
      [Humongous Reclaim: 0.0 ms]
      [Free CSet: 0.1 ms]
   [Eden: 10.0M(10.0M)->0.0B(67.0M) Survivors: 15.0M->3072.0K Heap: 360.2M(512.0M)->327.8M(512.0M)]
 [Times: user=0.02 sys=0.00, real=0.01 secs] 
2020-10-27T14:30:44.224+0800: 0.912: [GC pause (G1 Humongous Allocation) (young) (initial-mark), 0.0014596 secs]
   [Parallel Time: 1.0 ms, GC Workers: 4]
      [GC Worker Start (ms): Min: 912.5, Avg: 912.5, Max: 912.6, Diff: 0.0]
      [Ext Root Scanning (ms): Min: 0.1, Avg: 0.2, Max: 0.2, Diff: 0.0, Sum: 0.6]
      [Update RS (ms): Min: 0.1, Avg: 0.1, Max: 0.2, Diff: 0.1, Sum: 0.4]
         [Processed Buffers: Min: 1, Avg: 1.3, Max: 2, Diff: 1, Sum: 5]
      [Scan RS (ms): Min: 0.0, Avg: 0.0, Max: 0.0, Diff: 0.0, Sum: 0.0]
      [Code Root Scanning (ms): Min: 0.0, Avg: 0.0, Max: 0.0, Diff: 0.0, Sum: 0.0]
      [Object Copy (ms): Min: 0.5, Avg: 0.6, Max: 0.6, Diff: 0.1, Sum: 2.3]
      [Termination (ms): Min: 0.0, Avg: 0.0, Max: 0.0, Diff: 0.0, Sum: 0.1]
         [Termination Attempts: Min: 1, Avg: 1.0, Max: 1, Diff: 0, Sum: 4]
      [GC Worker Other (ms): Min: 0.0, Avg: 0.0, Max: 0.0, Diff: 0.0, Sum: 0.0]
      [GC Worker Total (ms): Min: 0.9, Avg: 0.9, Max: 0.9, Diff: 0.0, Sum: 3.5]
      [GC Worker End (ms): Min: 913.4, Avg: 913.4, Max: 913.4, Diff: 0.0]
   [Code Root Fixup: 0.0 ms]
   [Code Root Purge: 0.0 ms]
   [Clear CT: 0.1 ms]
   [Other: 0.4 ms]
      [Choose CSet: 0.0 ms]
      [Ref Proc: 0.1 ms]
      [Ref Enq: 0.0 ms]
      [Redirty Cards: 0.1 ms]
      [Humongous Register: 0.1 ms]
      [Humongous Reclaim: 0.0 ms]
      [Free CSet: 0.0 ms]
   [Eden: 7168.0K(67.0M)->0.0B(70.0M) Survivors: 3072.0K->5120.0K Heap: 334.2M(512.0M)->329.5M(512.0M)]
 [Times: user=0.00 sys=0.00, real=0.00 secs] 
2020-10-27T14:30:44.226+0800: 0.914: [GC concurrent-root-region-scan-start]
2020-10-27T14:30:44.226+0800: 0.914: [GC concurrent-root-region-scan-end, 0.0001232 secs]
2020-10-27T14:30:44.226+0800: 0.914: [GC concurrent-mark-start]
2020-10-27T14:30:44.231+0800: 0.919: [GC concurrent-mark-end, 0.0049382 secs]
2020-10-27T14:30:44.231+0800: 0.919: [GC remark 2020-10-27T14:30:44.231+0800: 0.919: [Finalize Marking, 0.0001274 secs] 2020-10-27T14:30:44.231+0800: 0.919: [GC ref-proc, 0.0002413 secs] 2020-10-27T14:30:44.231+0800: 0.920: [Unloading, 0.0005171 secs], 0.0021849 secs]
 [Times: user=0.06 sys=0.00, real=0.00 secs] 
2020-10-27T14:30:44.233+0800: 0.922: [GC cleanup 359M->359M(512M), 0.0005323 secs]
 [Times: user=0.00 sys=0.00, real=0.00 secs] 
2020-10-27T14:30:44.245+0800: 0.933: [GC pause (G1 Evacuation Pause) (young), 0.0048500 secs]
   [Parallel Time: 4.3 ms, GC Workers: 4]
      [GC Worker Start (ms): Min: 933.6, Avg: 933.6, Max: 933.6, Diff: 0.0]
      [Ext Root Scanning (ms): Min: 0.1, Avg: 0.2, Max: 0.2, Diff: 0.0, Sum: 0.6]
      [Update RS (ms): Min: 0.5, Avg: 0.5, Max: 0.6, Diff: 0.1, Sum: 2.2]
         [Processed Buffers: Min: 4, Avg: 6.8, Max: 8, Diff: 4, Sum: 27]
      [Scan RS (ms): Min: 0.0, Avg: 0.0, Max: 0.0, Diff: 0.0, Sum: 0.0]
      [Code Root Scanning (ms): Min: 0.0, Avg: 0.0, Max: 0.0, Diff: 0.0, Sum: 0.0]
      [Object Copy (ms): Min: 3.4, Avg: 3.5, Max: 3.5, Diff: 0.1, Sum: 13.9]
      [Termination (ms): Min: 0.0, Avg: 0.0, Max: 0.1, Diff: 0.1, Sum: 0.2]
         [Termination Attempts: Min: 1, Avg: 1.0, Max: 1, Diff: 0, Sum: 4]
      [GC Worker Other (ms): Min: 0.0, Avg: 0.0, Max: 0.0, Diff: 0.0, Sum: 0.0]
      [GC Worker Total (ms): Min: 4.2, Avg: 4.3, Max: 4.3, Diff: 0.0, Sum: 17.0]
      [GC Worker End (ms): Min: 937.9, Avg: 937.9, Max: 937.9, Diff: 0.0]
   [Code Root Fixup: 0.0 ms]
   [Code Root Purge: 0.0 ms]
   [Clear CT: 0.1 ms]
   [Other: 0.4 ms]
      [Choose CSet: 0.0 ms]
      [Ref Proc: 0.1 ms]
      [Ref Enq: 0.0 ms]
      [Redirty Cards: 0.1 ms]
      [Humongous Register: 0.1 ms]
      [Humongous Reclaim: 0.1 ms]
      [Free CSet: 0.1 ms]
   [Eden: 70.0M(70.0M)->0.0B(15.0M) Survivors: 5120.0K->10.0M Heap: 412.8M(512.0M)->353.1M(512.0M)]
 [Times: user=0.06 sys=0.00, real=0.01 secs] 
2020-10-27T14:30:44.254+0800: 0.943: [GC pause (G1 Evacuation Pause) (mixed), 0.0050492 secs]
   [Parallel Time: 4.6 ms, GC Workers: 4]
      [GC Worker Start (ms): Min: 943.0, Avg: 943.0, Max: 943.0, Diff: 0.0]
      [Ext Root Scanning (ms): Min: 0.1, Avg: 0.2, Max: 0.2, Diff: 0.0, Sum: 0.6]
      [Update RS (ms): Min: 0.7, Avg: 0.7, Max: 0.7, Diff: 0.0, Sum: 2.8]
         [Processed Buffers: Min: 6, Avg: 9.0, Max: 10, Diff: 4, Sum: 36]
      [Scan RS (ms): Min: 0.0, Avg: 0.0, Max: 0.1, Diff: 0.0, Sum: 0.2]
      [Code Root Scanning (ms): Min: 0.0, Avg: 0.0, Max: 0.0, Diff: 0.0, Sum: 0.0]
      [Object Copy (ms): Min: 3.6, Avg: 3.6, Max: 3.6, Diff: 0.0, Sum: 14.3]
      [Termination (ms): Min: 0.0, Avg: 0.0, Max: 0.1, Diff: 0.1, Sum: 0.1]
         [Termination Attempts: Min: 1, Avg: 1.0, Max: 1, Diff: 0, Sum: 4]
      [GC Worker Other (ms): Min: 0.0, Avg: 0.0, Max: 0.0, Diff: 0.0, Sum: 0.0]
      [GC Worker Total (ms): Min: 4.5, Avg: 4.5, Max: 4.5, Diff: 0.0, Sum: 18.0]
      [GC Worker End (ms): Min: 947.5, Avg: 947.5, Max: 947.5, Diff: 0.0]
   [Code Root Fixup: 0.0 ms]
   [Code Root Purge: 0.0 ms]
   [Clear CT: 0.0 ms]
   [Other: 0.4 ms]
      [Choose CSet: 0.0 ms]
      [Ref Proc: 0.1 ms]
      [Ref Enq: 0.0 ms]
      [Redirty Cards: 0.1 ms]
      [Humongous Register: 0.1 ms]
      [Humongous Reclaim: 0.0 ms]
      [Free CSet: 0.1 ms]
   [Eden: 15.0M(15.0M)->0.0B(21.0M) Survivors: 10.0M->4096.0K Heap: 374.6M(512.0M)->321.9M(512.0M)]
 [Times: user=0.00 sys=0.00, real=0.01 secs] 
2020-10-27T14:30:44.264+0800: 0.952: [GC pause (G1 Evacuation Pause) (mixed), 0.0046108 secs]
   [Parallel Time: 4.0 ms, GC Workers: 4]
      [GC Worker Start (ms): Min: 952.5, Avg: 952.5, Max: 952.6, Diff: 0.1]
      [Ext Root Scanning (ms): Min: 0.1, Avg: 0.2, Max: 0.2, Diff: 0.1, Sum: 0.7]
      [Update RS (ms): Min: 0.5, Avg: 0.6, Max: 0.6, Diff: 0.1, Sum: 2.3]
         [Processed Buffers: Min: 8, Avg: 8.3, Max: 9, Diff: 1, Sum: 33]
      [Scan RS (ms): Min: 0.0, Avg: 0.1, Max: 0.2, Diff: 0.1, Sum: 0.5]
      [Code Root Scanning (ms): Min: 0.0, Avg: 0.0, Max: 0.0, Diff: 0.0, Sum: 0.0]
      [Object Copy (ms): Min: 2.9, Avg: 3.0, Max: 3.1, Diff: 0.2, Sum: 12.0]
      [Termination (ms): Min: 0.0, Avg: 0.0, Max: 0.1, Diff: 0.1, Sum: 0.2]
         [Termination Attempts: Min: 1, Avg: 1.0, Max: 1, Diff: 0, Sum: 4]
      [GC Worker Other (ms): Min: 0.0, Avg: 0.0, Max: 0.0, Diff: 0.0, Sum: 0.0]
      [GC Worker Total (ms): Min: 3.9, Avg: 3.9, Max: 4.0, Diff: 0.1, Sum: 15.7]
      [GC Worker End (ms): Min: 956.5, Avg: 956.5, Max: 956.5, Diff: 0.0]
   [Code Root Fixup: 0.0 ms]
   [Code Root Purge: 0.0 ms]
   [Clear CT: 0.1 ms]
   [Other: 0.5 ms]
      [Choose CSet: 0.0 ms]
      [Ref Proc: 0.1 ms]
      [Ref Enq: 0.0 ms]
      [Redirty Cards: 0.1 ms]
      [Humongous Register: 0.2 ms]
      [Humongous Reclaim: 0.0 ms]
      [Free CSet: 0.1 ms]
   [Eden: 21.0M(21.0M)->0.0B(68.0M) Survivors: 4096.0K->4096.0K Heap: 351.6M(512.0M)->324.5M(512.0M)]
 [Times: user=0.00 sys=0.00, real=0.01 secs] 
2020-10-27T14:30:44.269+0800: 0.957: [GC pause (G1 Humongous Allocation) (young) (initial-mark), 0.0013008 secs]
   [Parallel Time: 0.9 ms, GC Workers: 4]
      [GC Worker Start (ms): Min: 957.5, Avg: 957.5, Max: 957.5, Diff: 0.0]
      [Ext Root Scanning (ms): Min: 0.1, Avg: 0.2, Max: 0.2, Diff: 0.0, Sum: 0.6]
      [Update RS (ms): Min: 0.1, Avg: 0.3, Max: 0.4, Diff: 0.2, Sum: 1.2]
         [Processed Buffers: Min: 1, Avg: 1.3, Max: 2, Diff: 1, Sum: 5]
      [Scan RS (ms): Min: 0.0, Avg: 0.0, Max: 0.0, Diff: 0.0, Sum: 0.0]
      [Code Root Scanning (ms): Min: 0.0, Avg: 0.0, Max: 0.0, Diff: 0.0, Sum: 0.0]
      [Object Copy (ms): Min: 0.3, Avg: 0.4, Max: 0.6, Diff: 0.3, Sum: 1.6]
      [Termination (ms): Min: 0.0, Avg: 0.0, Max: 0.1, Diff: 0.1, Sum: 0.2]
         [Termination Attempts: Min: 1, Avg: 1.0, Max: 1, Diff: 0, Sum: 4]
      [GC Worker Other (ms): Min: 0.0, Avg: 0.0, Max: 0.0, Diff: 0.0, Sum: 0.0]
      [GC Worker Total (ms): Min: 0.9, Avg: 0.9, Max: 0.9, Diff: 0.0, Sum: 3.6]
      [GC Worker End (ms): Min: 958.4, Avg: 958.4, Max: 958.4, Diff: 0.0]
   [Code Root Fixup: 0.0 ms]
   [Code Root Purge: 0.0 ms]
   [Clear CT: 0.1 ms]
   [Other: 0.3 ms]
      [Choose CSet: 0.0 ms]
      [Ref Proc: 0.1 ms]
      [Ref Enq: 0.0 ms]
      [Redirty Cards: 0.1 ms]
      [Humongous Register: 0.0 ms]
      [Humongous Reclaim: 0.0 ms]
      [Free CSet: 0.0 ms]
   [Eden: 1024.0K(68.0M)->0.0B(67.0M) Survivors: 4096.0K->5120.0K Heap: 325.5M(512.0M)->324.9M(512.0M)]
 [Times: user=0.00 sys=0.00, real=0.00 secs] 
2020-10-27T14:30:44.271+0800: 0.959: [GC concurrent-root-region-scan-start]
2020-10-27T14:30:44.271+0800: 0.959: [GC concurrent-root-region-scan-end, 0.0001291 secs]
2020-10-27T14:30:44.271+0800: 0.959: [GC concurrent-mark-start]
2020-10-27T14:30:44.276+0800: 0.964: [GC concurrent-mark-end, 0.0049977 secs]
2020-10-27T14:30:44.276+0800: 0.964: [GC remark 2020-10-27T14:30:44.276+0800: 0.964: [Finalize Marking, 0.0001323 secs] 2020-10-27T14:30:44.276+0800: 0.964: [GC ref-proc, 0.0002433 secs] 2020-10-27T14:30:44.276+0800: 0.965: [Unloading, 0.0005285 secs], 0.0023743 secs]
 [Times: user=0.00 sys=0.00, real=0.00 secs] 
2020-10-27T14:30:44.278+0800: 0.967: [GC cleanup 345M->345M(512M), 0.0006009 secs]
 [Times: user=0.03 sys=0.00, real=0.00 secs] 
2020-10-27T14:30:44.291+0800: 0.979: [GC pause (G1 Evacuation Pause) (young), 0.0044254 secs]
   [Parallel Time: 4.0 ms, GC Workers: 4]
      [GC Worker Start (ms): Min: 979.5, Avg: 979.5, Max: 979.5, Diff: 0.0]
      [Ext Root Scanning (ms): Min: 0.1, Avg: 0.2, Max: 0.2, Diff: 0.0, Sum: 0.6]
      [Update RS (ms): Min: 0.7, Avg: 0.7, Max: 0.7, Diff: 0.0, Sum: 2.8]
         [Processed Buffers: Min: 9, Avg: 9.3, Max: 10, Diff: 1, Sum: 37]
      [Scan RS (ms): Min: 0.0, Avg: 0.0, Max: 0.0, Diff: 0.0, Sum: 0.1]
      [Code Root Scanning (ms): Min: 0.0, Avg: 0.0, Max: 0.0, Diff: 0.0, Sum: 0.0]
      [Object Copy (ms): Min: 2.9, Avg: 3.0, Max: 3.0, Diff: 0.1, Sum: 11.9]
      [Termination (ms): Min: 0.0, Avg: 0.0, Max: 0.1, Diff: 0.1, Sum: 0.2]
         [Termination Attempts: Min: 1, Avg: 1.0, Max: 1, Diff: 0, Sum: 4]
      [GC Worker Other (ms): Min: 0.0, Avg: 0.0, Max: 0.0, Diff: 0.0, Sum: 0.1]
      [GC Worker Total (ms): Min: 3.9, Avg: 3.9, Max: 3.9, Diff: 0.1, Sum: 15.6]
      [GC Worker End (ms): Min: 983.4, Avg: 983.4, Max: 983.4, Diff: 0.0]
   [Code Root Fixup: 0.0 ms]
   [Code Root Purge: 0.0 ms]
   [Clear CT: 0.0 ms]
   [Other: 0.4 ms]
      [Choose CSet: 0.0 ms]
      [Ref Proc: 0.1 ms]
      [Ref Enq: 0.0 ms]
      [Redirty Cards: 0.1 ms]
      [Humongous Register: 0.1 ms]
      [Humongous Reclaim: 0.1 ms]
      [Free CSet: 0.1 ms]
   [Eden: 67.0M(67.0M)->0.0B(16.0M) Survivors: 5120.0K->9216.0K Heap: 410.8M(512.0M)->351.2M(512.0M)]
 [Times: user=0.06 sys=0.00, real=0.01 secs] 
2020-10-27T14:30:44.299+0800: 0.988: [GC pause (G1 Evacuation Pause) (mixed), 0.0057502 secs]
   [Parallel Time: 5.2 ms, GC Workers: 4]
      [GC Worker Start (ms): Min: 988.0, Avg: 988.0, Max: 988.2, Diff: 0.2]
      [Ext Root Scanning (ms): Min: 0.0, Avg: 0.2, Max: 0.2, Diff: 0.2, Sum: 0.7]
      [Update RS (ms): Min: 0.2, Avg: 0.3, Max: 0.3, Diff: 0.0, Sum: 1.0]
         [Processed Buffers: Min: 3, Avg: 4.0, Max: 5, Diff: 2, Sum: 16]
      [Scan RS (ms): Min: 0.0, Avg: 0.0, Max: 0.0, Diff: 0.0, Sum: 0.2]
      [Code Root Scanning (ms): Min: 0.0, Avg: 0.0, Max: 0.0, Diff: 0.0, Sum: 0.0]
      [Object Copy (ms): Min: 4.6, Avg: 4.6, Max: 4.6, Diff: 0.0, Sum: 18.4]
      [Termination (ms): Min: 0.0, Avg: 0.0, Max: 0.0, Diff: 0.0, Sum: 0.1]
         [Termination Attempts: Min: 1, Avg: 1.0, Max: 1, Diff: 0, Sum: 4]
      [GC Worker Other (ms): Min: 0.0, Avg: 0.0, Max: 0.0, Diff: 0.0, Sum: 0.1]
      [GC Worker Total (ms): Min: 4.9, Avg: 5.1, Max: 5.1, Diff: 0.2, Sum: 20.4]
      [GC Worker End (ms): Min: 993.1, Avg: 993.1, Max: 993.1, Diff: 0.0]
   [Code Root Fixup: 0.0 ms]
   [Code Root Purge: 0.0 ms]
   [Clear CT: 0.0 ms]
   [Other: 0.5 ms]
      [Choose CSet: 0.1 ms]
      [Ref Proc: 0.1 ms]
      [Ref Enq: 0.0 ms]
      [Redirty Cards: 0.0 ms]
      [Humongous Register: 0.2 ms]
      [Humongous Reclaim: 0.0 ms]
      [Free CSet: 0.1 ms]
   [Eden: 16.0M(16.0M)->0.0B(56.0M) Survivors: 9216.0K->4096.0K Heap: 368.3M(512.0M)->334.2M(512.0M)]
 [Times: user=0.00 sys=0.00, real=0.01 secs] 
2020-10-27T14:30:44.307+0800: 0.995: [GC pause (G1 Humongous Allocation) (young) (initial-mark), 0.0013936 secs]
   [Parallel Time: 0.9 ms, GC Workers: 4]
      [GC Worker Start (ms): Min: 995.1, Avg: 995.1, Max: 995.1, Diff: 0.0]
      [Ext Root Scanning (ms): Min: 0.1, Avg: 0.2, Max: 0.2, Diff: 0.0, Sum: 0.7]
      [Update RS (ms): Min: 0.1, Avg: 0.1, Max: 0.1, Diff: 0.0, Sum: 0.4]
         [Processed Buffers: Min: 1, Avg: 1.3, Max: 2, Diff: 1, Sum: 5]
      [Scan RS (ms): Min: 0.0, Avg: 0.0, Max: 0.0, Diff: 0.0, Sum: 0.0]
      [Code Root Scanning (ms): Min: 0.0, Avg: 0.0, Max: 0.0, Diff: 0.0, Sum: 0.0]
      [Object Copy (ms): Min: 0.6, Avg: 0.6, Max: 0.6, Diff: 0.1, Sum: 2.4]
      [Termination (ms): Min: 0.0, Avg: 0.0, Max: 0.0, Diff: 0.0, Sum: 0.1]
         [Termination Attempts: Min: 1, Avg: 1.0, Max: 1, Diff: 0, Sum: 4]
      [GC Worker Other (ms): Min: 0.0, Avg: 0.0, Max: 0.0, Diff: 0.0, Sum: 0.0]
      [GC Worker Total (ms): Min: 0.9, Avg: 0.9, Max: 0.9, Diff: 0.0, Sum: 3.6]
      [GC Worker End (ms): Min: 996.0, Avg: 996.0, Max: 996.0, Diff: 0.0]
   [Code Root Fixup: 0.0 ms]
   [Code Root Purge: 0.0 ms]
   [Clear CT: 0.1 ms]
   [Other: 0.4 ms]
      [Choose CSet: 0.0 ms]
      [Ref Proc: 0.1 ms]
      [Ref Enq: 0.0 ms]
      [Redirty Cards: 0.1 ms]
      [Humongous Register: 0.1 ms]
      [Humongous Reclaim: 0.0 ms]
      [Free CSet: 0.0 ms]
   [Eden: 6144.0K(56.0M)->0.0B(57.0M) Survivors: 4096.0K->5120.0K Heap: 339.7M(512.0M)->333.6M(512.0M)]
 [Times: user=0.00 sys=0.00, real=0.00 secs] 
2020-10-27T14:30:44.308+0800: 0.997: [GC concurrent-root-region-scan-start]
2020-10-27T14:30:44.309+0800: 0.997: [GC concurrent-root-region-scan-end, 0.0001452 secs]
2020-10-27T14:30:44.309+0800: 0.997: [GC concurrent-mark-start]
2020-10-27T14:30:44.314+0800: 1.002: [GC concurrent-mark-end, 0.0054762 secs]
2020-10-27T14:30:44.314+0800: 1.002: [GC remark 2020-10-27T14:30:44.314+0800: 1.002: [Finalize Marking, 0.0001248 secs] 2020-10-27T14:30:44.314+0800: 1.003: [GC ref-proc, 0.0003029 secs] 2020-10-27T14:30:44.315+0800: 1.003: [Unloading, 0.0005498 secs], 0.0024689 secs]
 [Times: user=0.00 sys=0.00, real=0.00 secs] 
2020-10-27T14:30:44.317+0800: 1.005: [GC cleanup 355M->355M(512M), 0.0005616 secs]
 [Times: user=0.00 sys=0.00, real=0.00 secs] 
2020-10-27T14:30:44.327+0800: 1.015: [GC pause (G1 Evacuation Pause) (young), 0.0046187 secs]
   [Parallel Time: 4.1 ms, GC Workers: 4]
      [GC Worker Start (ms): Min: 1015.0, Avg: 1015.0, Max: 1015.0, Diff: 0.0]
      [Ext Root Scanning (ms): Min: 0.1, Avg: 0.2, Max: 0.2, Diff: 0.0, Sum: 0.6]
      [Update RS (ms): Min: 0.6, Avg: 0.6, Max: 0.6, Diff: 0.0, Sum: 2.4]
         [Processed Buffers: Min: 6, Avg: 7.8, Max: 9, Diff: 3, Sum: 31]
      [Scan RS (ms): Min: 0.0, Avg: 0.0, Max: 0.0, Diff: 0.0, Sum: 0.1]
      [Code Root Scanning (ms): Min: 0.0, Avg: 0.0, Max: 0.0, Diff: 0.0, Sum: 0.0]
      [Object Copy (ms): Min: 3.2, Avg: 3.2, Max: 3.3, Diff: 0.1, Sum: 13.0]
      [Termination (ms): Min: 0.0, Avg: 0.0, Max: 0.1, Diff: 0.1, Sum: 0.1]
         [Termination Attempts: Min: 1, Avg: 1.0, Max: 1, Diff: 0, Sum: 4]
      [GC Worker Other (ms): Min: 0.0, Avg: 0.0, Max: 0.0, Diff: 0.0, Sum: 0.0]
      [GC Worker Total (ms): Min: 4.0, Avg: 4.1, Max: 4.1, Diff: 0.0, Sum: 16.2]
      [GC Worker End (ms): Min: 1019.1, Avg: 1019.1, Max: 1019.1, Diff: 0.0]
   [Code Root Fixup: 0.0 ms]
   [Code Root Purge: 0.0 ms]
   [Clear CT: 0.1 ms]
   [Other: 0.4 ms]
      [Choose CSet: 0.0 ms]
      [Ref Proc: 0.1 ms]
      [Ref Enq: 0.0 ms]
      [Redirty Cards: 0.1 ms]
      [Humongous Register: 0.1 ms]
      [Humongous Reclaim: 0.0 ms]
      [Free CSet: 0.0 ms]
   [Eden: 57.0M(57.0M)->0.0B(17.0M) Survivors: 5120.0K->8192.0K Heap: 407.3M(512.0M)->356.4M(512.0M)]
 [Times: user=0.00 sys=0.00, real=0.00 secs] 
2020-10-27T14:30:44.335+0800: 1.024: [GC pause (G1 Evacuation Pause) (mixed), 0.0060240 secs]
   [Parallel Time: 5.6 ms, GC Workers: 4]
      [GC Worker Start (ms): Min: 1023.7, Avg: 1023.7, Max: 1023.7, Diff: 0.0]
      [Ext Root Scanning (ms): Min: 0.1, Avg: 0.1, Max: 0.2, Diff: 0.0, Sum: 0.6]
      [Update RS (ms): Min: 0.5, Avg: 0.5, Max: 0.6, Diff: 0.1, Sum: 2.1]
         [Processed Buffers: Min: 7, Avg: 7.3, Max: 8, Diff: 1, Sum: 29]
      [Scan RS (ms): Min: 0.0, Avg: 0.0, Max: 0.1, Diff: 0.1, Sum: 0.1]
      [Code Root Scanning (ms): Min: 0.0, Avg: 0.0, Max: 0.0, Diff: 0.0, Sum: 0.0]
      [Object Copy (ms): Min: 4.8, Avg: 4.8, Max: 4.8, Diff: 0.0, Sum: 19.1]
      [Termination (ms): Min: 0.0, Avg: 0.0, Max: 0.0, Diff: 0.0, Sum: 0.1]
         [Termination Attempts: Min: 1, Avg: 1.0, Max: 1, Diff: 0, Sum: 4]
      [GC Worker Other (ms): Min: 0.0, Avg: 0.0, Max: 0.0, Diff: 0.0, Sum: 0.0]
      [GC Worker Total (ms): Min: 5.5, Avg: 5.5, Max: 5.5, Diff: 0.0, Sum: 22.0]
      [GC Worker End (ms): Min: 1029.2, Avg: 1029.2, Max: 1029.2, Diff: 0.0]
   [Code Root Fixup: 0.0 ms]
   [Code Root Purge: 0.0 ms]
   [Clear CT: 0.0 ms]
   [Other: 0.4 ms]
      [Choose CSet: 0.0 ms]
      [Ref Proc: 0.1 ms]
      [Ref Enq: 0.0 ms]
      [Redirty Cards: 0.1 ms]
      [Humongous Register: 0.1 ms]
      [Humongous Reclaim: 0.0 ms]
      [Free CSet: 0.1 ms]
   [Eden: 17.0M(17.0M)->0.0B(51.0M) Survivors: 8192.0K->4096.0K Heap: 376.3M(512.0M)->340.1M(512.0M)]
 [Times: user=0.06 sys=0.00, real=0.01 secs] 
2020-10-27T14:30:44.342+0800: 1.030: [GC pause (G1 Humongous Allocation) (young) (initial-mark), 0.0013552 secs]
   [Parallel Time: 0.9 ms, GC Workers: 4]
      [GC Worker Start (ms): Min: 1030.3, Avg: 1030.4, Max: 1030.4, Diff: 0.0]
      [Ext Root Scanning (ms): Min: 0.1, Avg: 0.2, Max: 0.2, Diff: 0.0, Sum: 0.6]
      [Update RS (ms): Min: 0.1, Avg: 0.1, Max: 0.2, Diff: 0.1, Sum: 0.5]
         [Processed Buffers: Min: 1, Avg: 1.3, Max: 2, Diff: 1, Sum: 5]
      [Scan RS (ms): Min: 0.0, Avg: 0.0, Max: 0.0, Diff: 0.0, Sum: 0.0]
      [Code Root Scanning (ms): Min: 0.0, Avg: 0.0, Max: 0.0, Diff: 0.0, Sum: 0.0]
      [Object Copy (ms): Min: 0.3, Avg: 0.5, Max: 0.5, Diff: 0.2, Sum: 1.8]
      [Termination (ms): Min: 0.0, Avg: 0.1, Max: 0.2, Diff: 0.2, Sum: 0.3]
         [Termination Attempts: Min: 1, Avg: 1.0, Max: 1, Diff: 0, Sum: 4]
      [GC Worker Other (ms): Min: 0.0, Avg: 0.0, Max: 0.0, Diff: 0.0, Sum: 0.0]
      [GC Worker Total (ms): Min: 0.8, Avg: 0.8, Max: 0.9, Diff: 0.0, Sum: 3.3]
      [GC Worker End (ms): Min: 1031.2, Avg: 1031.2, Max: 1031.2, Diff: 0.0]
   [Code Root Fixup: 0.0 ms]
   [Code Root Purge: 0.0 ms]
   [Clear CT: 0.1 ms]
   [Other: 0.4 ms]
      [Choose CSet: 0.0 ms]
      [Ref Proc: 0.1 ms]
      [Ref Enq: 0.0 ms]
      [Redirty Cards: 0.1 ms]
      [Humongous Register: 0.1 ms]
      [Humongous Reclaim: 0.0 ms]
      [Free CSet: 0.0 ms]
   [Eden: 2048.0K(51.0M)->0.0B(53.0M) Survivors: 4096.0K->1024.0K Heap: 342.1M(512.0M)->340.4M(512.0M)]
 [Times: user=0.00 sys=0.00, real=0.00 secs] 
2020-10-27T14:30:44.344+0800: 1.032: [GC concurrent-root-region-scan-start]
2020-10-27T14:30:44.344+0800: 1.032: [GC concurrent-root-region-scan-end, 0.0000419 secs]
2020-10-27T14:30:44.344+0800: 1.032: [GC concurrent-mark-start]
2020-10-27T14:30:44.350+0800: 1.038: [GC concurrent-mark-end, 0.0063870 secs]
2020-10-27T14:30:44.350+0800: 1.038: [GC remark 2020-10-27T14:30:44.350+0800: 1.038: [Finalize Marking, 0.0001500 secs] 2020-10-27T14:30:44.350+0800: 1.039: [GC ref-proc, 0.0002973 secs] 2020-10-27T14:30:44.351+0800: 1.039: [Unloading, 0.0007428 secs], 0.0032959 secs]
 [Times: user=0.00 sys=0.00, real=0.00 secs] 
2020-10-27T14:30:44.354+0800: 1.042: [GC cleanup 359M->358M(512M), 0.0006124 secs]
 [Times: user=0.00 sys=0.00, real=0.00 secs] 
2020-10-27T14:30:44.354+0800: 1.042: [GC concurrent-cleanup-start]
2020-10-27T14:30:44.354+0800: 1.043: [GC concurrent-cleanup-end, 0.0000125 secs]
2020-10-27T14:30:44.366+0800: 1.054: [GC pause (G1 Evacuation Pause) (young), 0.0044458 secs]
   [Parallel Time: 3.8 ms, GC Workers: 4]
      [GC Worker Start (ms): Min: 1053.9, Avg: 1054.1, Max: 1054.9, Diff: 1.1]
      [Ext Root Scanning (ms): Min: 0.0, Avg: 0.1, Max: 0.2, Diff: 0.2, Sum: 0.5]
      [Update RS (ms): Min: 0.2, Avg: 0.9, Max: 1.1, Diff: 0.9, Sum: 3.5]
         [Processed Buffers: Min: 3, Avg: 9.3, Max: 14, Diff: 11, Sum: 37]
      [Scan RS (ms): Min: 0.0, Avg: 0.0, Max: 0.0, Diff: 0.0, Sum: 0.0]
      [Code Root Scanning (ms): Min: 0.0, Avg: 0.0, Max: 0.0, Diff: 0.0, Sum: 0.0]
      [Object Copy (ms): Min: 2.3, Avg: 2.4, Max: 2.4, Diff: 0.0, Sum: 9.4]
      [Termination (ms): Min: 0.0, Avg: 0.0, Max: 0.1, Diff: 0.1, Sum: 0.1]
         [Termination Attempts: Min: 1, Avg: 1.0, Max: 1, Diff: 0, Sum: 4]
      [GC Worker Other (ms): Min: 0.0, Avg: 0.0, Max: 0.0, Diff: 0.0, Sum: 0.1]
      [GC Worker Total (ms): Min: 2.6, Avg: 3.4, Max: 3.7, Diff: 1.1, Sum: 13.7]
      [GC Worker End (ms): Min: 1057.5, Avg: 1057.6, Max: 1057.6, Diff: 0.1]
   [Code Root Fixup: 0.0 ms]
   [Code Root Purge: 0.0 ms]
   [Clear CT: 0.1 ms]
   [Other: 0.5 ms]
      [Choose CSet: 0.0 ms]
      [Ref Proc: 0.1 ms]
      [Ref Enq: 0.0 ms]
      [Redirty Cards: 0.1 ms]
      [Humongous Register: 0.1 ms]
      [Humongous Reclaim: 0.1 ms]
      [Free CSet: 0.1 ms]
   [Eden: 53.0M(53.0M)->0.0B(18.0M) Survivors: 1024.0K->7168.0K Heap: 405.7M(512.0M)->359.4M(512.0M)]
 [Times: user=0.00 sys=0.00, real=0.00 secs] 
2020-10-27T14:30:44.375+0800: 1.063: [GC pause (G1 Evacuation Pause) (mixed), 0.0075136 secs]
   [Parallel Time: 6.9 ms, GC Workers: 4]
      [GC Worker Start (ms): Min: 1063.3, Avg: 1065.0, Max: 1069.9, Diff: 6.6]
      [Ext Root Scanning (ms): Min: 0.0, Avg: 0.1, Max: 0.2, Diff: 0.2, Sum: 0.5]
      [Update RS (ms): Min: 0.0, Avg: 0.8, Max: 1.1, Diff: 1.1, Sum: 3.2]
         [Processed Buffers: Min: 0, Avg: 10.5, Max: 16, Diff: 16, Sum: 42]
      [Scan RS (ms): Min: 0.0, Avg: 0.1, Max: 0.1, Diff: 0.1, Sum: 0.3]
      [Code Root Scanning (ms): Min: 0.0, Avg: 0.0, Max: 0.0, Diff: 0.0, Sum: 0.0]
      [Object Copy (ms): Min: 0.0, Avg: 3.9, Max: 5.2, Diff: 5.2, Sum: 15.5]
      [Termination (ms): Min: 0.0, Avg: 0.2, Max: 0.3, Diff: 0.3, Sum: 0.7]
         [Termination Attempts: Min: 1, Avg: 1.0, Max: 1, Diff: 0, Sum: 4]
      [GC Worker Other (ms): Min: 0.0, Avg: 0.0, Max: 0.1, Diff: 0.0, Sum: 0.1]
      [GC Worker Total (ms): Min: 0.0, Avg: 5.1, Max: 6.8, Diff: 6.8, Sum: 20.3]
      [GC Worker End (ms): Min: 1069.9, Avg: 1070.1, Max: 1070.2, Diff: 0.2]
   [Code Root Fixup: 0.0 ms]
   [Code Root Purge: 0.0 ms]
   [Clear CT: 0.1 ms]
   [Other: 0.6 ms]
      [Choose CSet: 0.0 ms]
      [Ref Proc: 0.1 ms]
      [Ref Enq: 0.0 ms]
      [Redirty Cards: 0.0 ms]
      [Humongous Register: 0.1 ms]
      [Humongous Reclaim: 0.0 ms]
      [Free CSet: 0.1 ms]
   [Eden: 18.0M(18.0M)->0.0B(46.0M) Survivors: 7168.0K->4096.0K Heap: 381.9M(512.0M)->347.3M(512.0M)]
 [Times: user=0.00 sys=0.00, real=0.01 secs] 
2020-10-27T14:30:44.384+0800: 1.072: [GC pause (G1 Humongous Allocation) (young) (initial-mark), 0.0017605 secs]
   [Parallel Time: 1.2 ms, GC Workers: 4]
      [GC Worker Start (ms): Min: 1072.2, Avg: 1072.3, Max: 1072.4, Diff: 0.2]
      [Ext Root Scanning (ms): Min: 0.0, Avg: 0.4, Max: 1.1, Diff: 1.1, Sum: 1.5]
      [Update RS (ms): Min: 0.0, Avg: 0.3, Max: 0.7, Diff: 0.7, Sum: 1.2]
         [Processed Buffers: Min: 0, Avg: 1.0, Max: 2, Diff: 2, Sum: 4]
      [Scan RS (ms): Min: 0.0, Avg: 0.0, Max: 0.0, Diff: 0.0, Sum: 0.0]
      [Code Root Scanning (ms): Min: 0.0, Avg: 0.0, Max: 0.0, Diff: 0.0, Sum: 0.0]
      [Object Copy (ms): Min: 0.0, Avg: 0.3, Max: 0.7, Diff: 0.6, Sum: 1.4]
      [Termination (ms): Min: 0.0, Avg: 0.1, Max: 0.1, Diff: 0.1, Sum: 0.2]
         [Termination Attempts: Min: 1, Avg: 1.0, Max: 1, Diff: 0, Sum: 4]
      [GC Worker Other (ms): Min: 0.0, Avg: 0.0, Max: 0.0, Diff: 0.0, Sum: 0.0]
      [GC Worker Total (ms): Min: 0.9, Avg: 1.1, Max: 1.2, Diff: 0.2, Sum: 4.3]
      [GC Worker End (ms): Min: 1073.3, Avg: 1073.3, Max: 1073.4, Diff: 0.0]
   [Code Root Fixup: 0.0 ms]
   [Code Root Purge: 0.0 ms]
   [Clear CT: 0.1 ms]
   [Other: 0.5 ms]
      [Choose CSet: 0.0 ms]
      [Ref Proc: 0.1 ms]
      [Ref Enq: 0.0 ms]
      [Redirty Cards: 0.1 ms]
      [Humongous Register: 0.1 ms]
      [Humongous Reclaim: 0.0 ms]
      [Free CSet: 0.0 ms]
   [Eden: 5120.0K(46.0M)->0.0B(46.0M) Survivors: 4096.0K->6144.0K Heap: 351.6M(512.0M)->348.5M(512.0M)]
 [Times: user=0.00 sys=0.00, real=0.00 secs] 
2020-10-27T14:30:44.386+0800: 1.074: [GC concurrent-root-region-scan-start]
2020-10-27T14:30:44.386+0800: 1.074: [GC concurrent-root-region-scan-end, 0.0001610 secs]
2020-10-27T14:30:44.386+0800: 1.074: [GC concurrent-mark-start]
2020-10-27T14:30:44.392+0800: 1.080: [GC concurrent-mark-end, 0.0060921 secs]
2020-10-27T14:30:44.392+0800: 1.080: [GC remark 2020-10-27T14:30:44.392+0800: 1.080: [Finalize Marking, 0.0001344 secs] 2020-10-27T14:30:44.393+0800: 1.081: [GC ref-proc, 0.0002385 secs] 2020-10-27T14:30:44.393+0800: 1.081: [Unloading, 0.0005831 secs], 0.0028906 secs]
 [Times: user=0.00 sys=0.00, real=0.00 secs] 
2020-10-27T14:30:44.396+0800: 1.083: [GC cleanup 365M->365M(512M), 0.0006131 secs]
 [Times: user=0.00 sys=0.00, real=0.00 secs] 
2020-10-27T14:30:44.408+0800: 1.096: [GC pause (G1 Evacuation Pause) (young), 0.0045598 secs]
   [Parallel Time: 4.0 ms, GC Workers: 4]
      [GC Worker Start (ms): Min: 1096.5, Avg: 1096.9, Max: 1098.1, Diff: 1.6]
      [Ext Root Scanning (ms): Min: 0.0, Avg: 0.2, Max: 0.6, Diff: 0.6, Sum: 0.9]
      [Update RS (ms): Min: 0.0, Avg: 0.9, Max: 1.4, Diff: 1.4, Sum: 3.7]
         [Processed Buffers: Min: 0, Avg: 11.3, Max: 20, Diff: 20, Sum: 45]
      [Scan RS (ms): Min: 0.0, Avg: 0.0, Max: 0.0, Diff: 0.0, Sum: 0.0]
      [Code Root Scanning (ms): Min: 0.0, Avg: 0.0, Max: 0.0, Diff: 0.0, Sum: 0.0]
      [Object Copy (ms): Min: 2.3, Avg: 2.3, Max: 2.3, Diff: 0.0, Sum: 9.1]
      [Termination (ms): Min: 0.0, Avg: 0.1, Max: 0.1, Diff: 0.1, Sum: 0.2]
         [Termination Attempts: Min: 1, Avg: 1.0, Max: 1, Diff: 0, Sum: 4]
      [GC Worker Other (ms): Min: 0.0, Avg: 0.0, Max: 0.0, Diff: 0.0, Sum: 0.1]
      [GC Worker Total (ms): Min: 2.4, Avg: 3.5, Max: 3.9, Diff: 1.5, Sum: 14.1]
      [GC Worker End (ms): Min: 1100.4, Avg: 1100.4, Max: 1100.4, Diff: 0.0]
   [Code Root Fixup: 0.0 ms]
   [Code Root Purge: 0.0 ms]
   [Clear CT: 0.1 ms]
   [Other: 0.5 ms]
      [Choose CSet: 0.0 ms]
      [Ref Proc: 0.1 ms]
      [Ref Enq: 0.0 ms]
      [Redirty Cards: 0.1 ms]
      [Humongous Register: 0.1 ms]
      [Humongous Reclaim: 0.1 ms]
      [Free CSet: 0.0 ms]
   [Eden: 46.0M(46.0M)->0.0B(18.0M) Survivors: 6144.0K->7168.0K Heap: 406.1M(512.0M)->357.8M(512.0M)]
 [Times: user=0.00 sys=0.00, real=0.01 secs] 
2020-10-27T14:30:44.418+0800: 1.106: [GC pause (G1 Evacuation Pause) (mixed), 0.0101364 secs]
   [Parallel Time: 9.3 ms, GC Workers: 4]
      [GC Worker Start (ms): Min: 1106.3, Avg: 1106.8, Max: 1108.1, Diff: 1.9]
      [Ext Root Scanning (ms): Min: 0.0, Avg: 0.1, Max: 0.2, Diff: 0.2, Sum: 0.6]
      [Update RS (ms): Min: 0.0, Avg: 1.1, Max: 1.5, Diff: 1.5, Sum: 4.3]
         [Processed Buffers: Min: 0, Avg: 10.0, Max: 17, Diff: 17, Sum: 40]
      [Scan RS (ms): Min: 0.0, Avg: 0.1, Max: 0.2, Diff: 0.2, Sum: 0.4]
      [Code Root Scanning (ms): Min: 0.0, Avg: 0.0, Max: 0.0, Diff: 0.0, Sum: 0.0]
      [Object Copy (ms): Min: 6.1, Avg: 6.2, Max: 6.3, Diff: 0.2, Sum: 24.9]
      [Termination (ms): Min: 0.0, Avg: 0.3, Max: 0.4, Diff: 0.4, Sum: 1.1]
         [Termination Attempts: Min: 1, Avg: 1.0, Max: 1, Diff: 0, Sum: 4]
      [GC Worker Other (ms): Min: 0.0, Avg: 0.2, Max: 0.8, Diff: 0.8, Sum: 0.9]
      [GC Worker Total (ms): Min: 6.5, Avg: 8.0, Max: 9.2, Diff: 2.7, Sum: 32.2]
      [GC Worker End (ms): Min: 1114.3, Avg: 1114.8, Max: 1115.5, Diff: 1.2]
   [Code Root Fixup: 0.0 ms]
   [Code Root Purge: 0.0 ms]
   [Clear CT: 0.1 ms]
   [Other: 0.8 ms]
      [Choose CSet: 0.0 ms]
      [Ref Proc: 0.4 ms]
      [Ref Enq: 0.0 ms]
      [Redirty Cards: 0.1 ms]
      [Humongous Register: 0.1 ms]
      [Humongous Reclaim: 0.0 ms]
      [Free CSet: 0.1 ms]
   [Eden: 18.0M(18.0M)->0.0B(49.0M) Survivors: 7168.0K->4096.0K Heap: 380.3M(512.0M)->345.2M(512.0M)]
 [Times: user=0.03 sys=0.00, real=0.01 secs] 
2020-10-27T14:30:44.431+0800: 1.119: [GC pause (G1 Humongous Allocation) (young) (initial-mark), 0.0021245 secs]
   [Parallel Time: 1.4 ms, GC Workers: 4]
      [GC Worker Start (ms): Min: 1119.2, Avg: 1119.3, Max: 1119.5, Diff: 0.3]
      [Ext Root Scanning (ms): Min: 0.0, Avg: 0.3, Max: 0.8, Diff: 0.8, Sum: 1.4]
      [Update RS (ms): Min: 0.0, Avg: 0.2, Max: 0.4, Diff: 0.4, Sum: 0.8]
         [Processed Buffers: Min: 0, Avg: 1.3, Max: 2, Diff: 2, Sum: 5]
      [Scan RS (ms): Min: 0.0, Avg: 0.0, Max: 0.0, Diff: 0.0, Sum: 0.0]
      [Code Root Scanning (ms): Min: 0.0, Avg: 0.0, Max: 0.0, Diff: 0.0, Sum: 0.0]
      [Object Copy (ms): Min: 0.4, Avg: 0.6, Max: 0.7, Diff: 0.3, Sum: 2.2]
      [Termination (ms): Min: 0.0, Avg: 0.1, Max: 0.1, Diff: 0.1, Sum: 0.3]
         [Termination Attempts: Min: 1, Avg: 1.0, Max: 1, Diff: 0, Sum: 4]
      [GC Worker Other (ms): Min: 0.0, Avg: 0.0, Max: 0.0, Diff: 0.0, Sum: 0.0]
      [GC Worker Total (ms): Min: 1.0, Avg: 1.2, Max: 1.2, Diff: 0.2, Sum: 4.7]
      [GC Worker End (ms): Min: 1120.5, Avg: 1120.5, Max: 1120.5, Diff: 0.1]
   [Code Root Fixup: 0.0 ms]
   [Code Root Purge: 0.0 ms]
   [Clear CT: 0.1 ms]
   [Other: 0.7 ms]
      [Choose CSet: 0.0 ms]
      [Ref Proc: 0.2 ms]
      [Ref Enq: 0.0 ms]
      [Redirty Cards: 0.0 ms]
      [Humongous Register: 0.2 ms]
      [Humongous Reclaim: 0.0 ms]
      [Free CSet: 0.0 ms]
   [Eden: 3072.0K(49.0M)->0.0B(49.0M) Survivors: 4096.0K->1024.0K Heap: 347.5M(512.0M)->345.9M(512.0M)]
 [Times: user=0.00 sys=0.00, real=0.00 secs] 
2020-10-27T14:30:44.433+0800: 1.121: [GC concurrent-root-region-scan-start]
2020-10-27T14:30:44.434+0800: 1.121: [GC concurrent-root-region-scan-end, 0.0001580 secs]
2020-10-27T14:30:44.434+0800: 1.121: [GC concurrent-mark-start]
2020-10-27T14:30:44.440+0800: 1.128: [GC concurrent-mark-end, 0.0063473 secs]
2020-10-27T14:30:44.440+0800: 1.128: [GC remark 2020-10-27T14:30:44.440+0800: 1.128: [Finalize Marking, 0.0001483 secs] 2020-10-27T14:30:44.440+0800: 1.128: [GC ref-proc, 0.0003023 secs] 2020-10-27T14:30:44.441+0800: 1.129: [Unloading, 0.0004749 secs], 0.0025114 secs]
 [Times: user=0.00 sys=0.00, real=0.00 secs] 
2020-10-27T14:30:44.443+0800: 1.131: [GC cleanup 367M->367M(512M), 0.0005653 secs]
 [Times: user=0.00 sys=0.00, real=0.00 secs] 
2020-10-27T14:30:44.451+0800: 1.139: [GC pause (G1 Evacuation Pause) (young), 0.0036309 secs]
   [Parallel Time: 3.1 ms, GC Workers: 4]
      [GC Worker Start (ms): Min: 1138.9, Avg: 1139.0, Max: 1139.0, Diff: 0.0]
      [Ext Root Scanning (ms): Min: 0.1, Avg: 0.1, Max: 0.2, Diff: 0.0, Sum: 0.6]
      [Update RS (ms): Min: 0.9, Avg: 0.9, Max: 1.0, Diff: 0.0, Sum: 3.8]
         [Processed Buffers: Min: 9, Avg: 12.0, Max: 13, Diff: 4, Sum: 48]
      [Scan RS (ms): Min: 0.0, Avg: 0.0, Max: 0.0, Diff: 0.0, Sum: 0.0]
      [Code Root Scanning (ms): Min: 0.0, Avg: 0.0, Max: 0.0, Diff: 0.0, Sum: 0.0]
      [Object Copy (ms): Min: 1.8, Avg: 1.8, Max: 1.9, Diff: 0.2, Sum: 7.2]
      [Termination (ms): Min: 0.0, Avg: 0.1, Max: 0.2, Diff: 0.2, Sum: 0.6]
         [Termination Attempts: Min: 1, Avg: 1.0, Max: 1, Diff: 0, Sum: 4]
      [GC Worker Other (ms): Min: 0.0, Avg: 0.0, Max: 0.0, Diff: 0.0, Sum: 0.0]
      [GC Worker Total (ms): Min: 3.0, Avg: 3.1, Max: 3.1, Diff: 0.0, Sum: 12.2]
      [GC Worker End (ms): Min: 1142.0, Avg: 1142.0, Max: 1142.0, Diff: 0.0]
   [Code Root Fixup: 0.0 ms]
   [Code Root Purge: 0.0 ms]
   [Clear CT: 0.1 ms]
   [Other: 0.4 ms]
      [Choose CSet: 0.0 ms]
      [Ref Proc: 0.1 ms]
      [Ref Enq: 0.0 ms]
      [Redirty Cards: 0.1 ms]
      [Humongous Register: 0.1 ms]
      [Humongous Reclaim: 0.1 ms]
      [Free CSet: 0.0 ms]
   [Eden: 49.0M(49.0M)->0.0B(18.0M) Survivors: 1024.0K->7168.0K Heap: 410.1M(512.0M)->364.4M(512.0M)]
 [Times: user=0.00 sys=0.00, real=0.00 secs] 
2020-10-27T14:30:44.460+0800: 1.148: [GC pause (G1 Evacuation Pause) (mixed), 0.0072017 secs]
   [Parallel Time: 6.7 ms, GC Workers: 4]
      [GC Worker Start (ms): Min: 1148.0, Avg: 1148.7, Max: 1150.9, Diff: 2.9]
      [Ext Root Scanning (ms): Min: 0.0, Avg: 0.1, Max: 0.2, Diff: 0.2, Sum: 0.5]
      [Update RS (ms): Min: 0.0, Avg: 1.2, Max: 2.2, Diff: 2.2, Sum: 4.7]
         [Processed Buffers: Min: 0, Avg: 10.8, Max: 21, Diff: 21, Sum: 43]
      [Scan RS (ms): Min: 0.0, Avg: 0.0, Max: 0.1, Diff: 0.1, Sum: 0.2]
      [Code Root Scanning (ms): Min: 0.0, Avg: 0.0, Max: 0.0, Diff: 0.0, Sum: 0.0]
      [Object Copy (ms): Min: 3.6, Avg: 4.5, Max: 5.0, Diff: 1.4, Sum: 17.8]
      [Termination (ms): Min: 0.0, Avg: 0.0, Max: 0.1, Diff: 0.1, Sum: 0.1]
         [Termination Attempts: Min: 1, Avg: 1.0, Max: 1, Diff: 0, Sum: 4]
      [GC Worker Other (ms): Min: 0.0, Avg: 0.0, Max: 0.0, Diff: 0.0, Sum: 0.1]
      [GC Worker Total (ms): Min: 3.7, Avg: 5.9, Max: 6.6, Diff: 2.9, Sum: 23.4]
      [GC Worker End (ms): Min: 1154.6, Avg: 1154.6, Max: 1154.6, Diff: 0.0]
   [Code Root Fixup: 0.0 ms]
   [Code Root Purge: 0.0 ms]
   [Clear CT: 0.1 ms]
   [Other: 0.4 ms]
      [Choose CSet: 0.0 ms]
      [Ref Proc: 0.1 ms]
      [Ref Enq: 0.0 ms]
      [Redirty Cards: 0.1 ms]
      [Humongous Register: 0.1 ms]
      [Humongous Reclaim: 0.0 ms]
      [Free CSet: 0.0 ms]
   [Eden: 18.0M(18.0M)->0.0B(43.0M) Survivors: 7168.0K->4096.0K Heap: 387.1M(512.0M)->351.6M(512.0M)]
 [Times: user=0.05 sys=0.00, real=0.01 secs] 
2020-10-27T14:30:44.468+0800: 1.156: [GC pause (G1 Humongous Allocation) (young) (initial-mark), 0.0021646 secs]
   [Parallel Time: 1.6 ms, GC Workers: 4]
      [GC Worker Start (ms): Min: 1156.2, Avg: 1156.3, Max: 1156.3, Diff: 0.0]
      [Ext Root Scanning (ms): Min: 0.5, Avg: 0.6, Max: 0.7, Diff: 0.1, Sum: 2.4]
      [Update RS (ms): Min: 0.1, Avg: 0.2, Max: 0.3, Diff: 0.2, Sum: 0.8]
         [Processed Buffers: Min: 1, Avg: 1.3, Max: 2, Diff: 1, Sum: 5]
      [Scan RS (ms): Min: 0.0, Avg: 0.0, Max: 0.0, Diff: 0.0, Sum: 0.0]
      [Code Root Scanning (ms): Min: 0.0, Avg: 0.0, Max: 0.0, Diff: 0.0, Sum: 0.0]
      [Object Copy (ms): Min: 0.5, Avg: 0.6, Max: 0.7, Diff: 0.2, Sum: 2.6]
      [Termination (ms): Min: 0.0, Avg: 0.0, Max: 0.1, Diff: 0.1, Sum: 0.1]
         [Termination Attempts: Min: 1, Avg: 1.0, Max: 1, Diff: 0, Sum: 4]
      [GC Worker Other (ms): Min: 0.0, Avg: 0.0, Max: 0.0, Diff: 0.0, Sum: 0.0]
      [GC Worker Total (ms): Min: 1.4, Avg: 1.5, Max: 1.5, Diff: 0.1, Sum: 5.9]
      [GC Worker End (ms): Min: 1157.7, Avg: 1157.7, Max: 1157.8, Diff: 0.1]
   [Code Root Fixup: 0.0 ms]
   [Code Root Purge: 0.0 ms]
   [Clear CT: 0.1 ms]
   [Other: 0.5 ms]
      [Choose CSet: 0.0 ms]
      [Ref Proc: 0.2 ms]
      [Ref Enq: 0.0 ms]
      [Redirty Cards: 0.1 ms]
      [Humongous Register: 0.1 ms]
      [Humongous Reclaim: 0.0 ms]
      [Free CSet: 0.0 ms]
   [Eden: 4096.0K(43.0M)->0.0B(43.0M) Survivors: 4096.0K->2048.0K Heap: 355.4M(512.0M)->352.3M(512.0M)]
 [Times: user=0.00 sys=0.00, real=0.00 secs] 
2020-10-27T14:30:44.471+0800: 1.158: [GC concurrent-root-region-scan-start]
2020-10-27T14:30:44.471+0800: 1.159: [GC concurrent-root-region-scan-end, 0.0001209 secs]
2020-10-27T14:30:44.471+0800: 1.159: [GC concurrent-mark-start]
2020-10-27T14:30:44.476+0800: 1.163: [GC concurrent-mark-end, 0.0048569 secs]
2020-10-27T14:30:44.476+0800: 1.164: [GC remark 2020-10-27T14:30:44.476+0800: 1.164: [Finalize Marking, 0.0001011 secs] 2020-10-27T14:30:44.476+0800: 1.164: [GC ref-proc, 0.0002529 secs] 2020-10-27T14:30:44.476+0800: 1.164: [Unloading, 0.0005457 secs], 0.0024792 secs]
 [Times: user=0.00 sys=0.00, real=0.00 secs] 
2020-10-27T14:30:44.478+0800: 1.166: [GC cleanup 380M->380M(512M), 0.0006020 secs]
 [Times: user=0.00 sys=0.00, real=0.00 secs] 
2020-10-27T14:30:44.485+0800: 1.173: [GC pause (G1 Evacuation Pause) (young), 0.0034892 secs]
   [Parallel Time: 2.9 ms, GC Workers: 4]
      [GC Worker Start (ms): Min: 1172.7, Avg: 1172.7, Max: 1172.8, Diff: 0.0]
      [Ext Root Scanning (ms): Min: 0.1, Avg: 0.2, Max: 0.2, Diff: 0.0, Sum: 0.6]
      [Update RS (ms): Min: 1.0, Avg: 1.0, Max: 1.0, Diff: 0.1, Sum: 4.0]
         [Processed Buffers: Min: 9, Avg: 12.5, Max: 14, Diff: 5, Sum: 50]
      [Scan RS (ms): Min: 0.0, Avg: 0.0, Max: 0.0, Diff: 0.0, Sum: 0.0]
      [Code Root Scanning (ms): Min: 0.0, Avg: 0.0, Max: 0.0, Diff: 0.0, Sum: 0.0]
      [Object Copy (ms): Min: 1.7, Avg: 1.7, Max: 1.7, Diff: 0.1, Sum: 6.8]
      [Termination (ms): Min: 0.0, Avg: 0.0, Max: 0.0, Diff: 0.0, Sum: 0.1]
         [Termination Attempts: Min: 1, Avg: 1.0, Max: 1, Diff: 0, Sum: 4]
      [GC Worker Other (ms): Min: 0.0, Avg: 0.0, Max: 0.0, Diff: 0.0, Sum: 0.0]
      [GC Worker Total (ms): Min: 2.9, Avg: 2.9, Max: 2.9, Diff: 0.0, Sum: 11.5]
      [GC Worker End (ms): Min: 1175.6, Avg: 1175.6, Max: 1175.6, Diff: 0.0]
   [Code Root Fixup: 0.0 ms]
   [Code Root Purge: 0.0 ms]
   [Clear CT: 0.1 ms]
   [Other: 0.5 ms]
      [Choose CSet: 0.0 ms]
      [Ref Proc: 0.1 ms]
      [Ref Enq: 0.0 ms]
      [Redirty Cards: 0.1 ms]
      [Humongous Register: 0.1 ms]
      [Humongous Reclaim: 0.0 ms]
      [Free CSet: 0.0 ms]
   [Eden: 43.0M(43.0M)->0.0B(19.0M) Survivors: 2048.0K->6144.0K Heap: 406.0M(512.0M)->361.6M(512.0M)]
 [Times: user=0.00 sys=0.00, real=0.00 secs] 
2020-10-27T14:30:44.494+0800: 1.182: [GC pause (G1 Evacuation Pause) (mixed), 0.0052352 secs]
   [Parallel Time: 4.8 ms, GC Workers: 4]
      [GC Worker Start (ms): Min: 1181.7, Avg: 1181.7, Max: 1181.8, Diff: 0.0]
      [Ext Root Scanning (ms): Min: 0.1, Avg: 0.2, Max: 0.2, Diff: 0.0, Sum: 0.6]
      [Update RS (ms): Min: 0.9, Avg: 0.9, Max: 0.9, Diff: 0.0, Sum: 3.6]
         [Processed Buffers: Min: 12, Avg: 12.5, Max: 13, Diff: 1, Sum: 50]
      [Scan RS (ms): Min: 0.0, Avg: 0.0, Max: 0.1, Diff: 0.0, Sum: 0.1]
      [Code Root Scanning (ms): Min: 0.0, Avg: 0.0, Max: 0.0, Diff: 0.0, Sum: 0.0]
      [Object Copy (ms): Min: 3.6, Avg: 3.6, Max: 3.6, Diff: 0.1, Sum: 14.3]
      [Termination (ms): Min: 0.0, Avg: 0.0, Max: 0.1, Diff: 0.1, Sum: 0.2]
         [Termination Attempts: Min: 1, Avg: 1.0, Max: 1, Diff: 0, Sum: 4]
      [GC Worker Other (ms): Min: 0.0, Avg: 0.0, Max: 0.0, Diff: 0.0, Sum: 0.0]
      [GC Worker Total (ms): Min: 4.7, Avg: 4.7, Max: 4.7, Diff: 0.0, Sum: 18.9]
      [GC Worker End (ms): Min: 1186.5, Avg: 1186.5, Max: 1186.5, Diff: 0.0]
   [Code Root Fixup: 0.0 ms]
   [Code Root Purge: 0.0 ms]
   [Clear CT: 0.0 ms]
   [Other: 0.4 ms]
      [Choose CSet: 0.0 ms]
      [Ref Proc: 0.1 ms]
      [Ref Enq: 0.0 ms]
      [Redirty Cards: 0.0 ms]
      [Humongous Register: 0.1 ms]
      [Humongous Reclaim: 0.0 ms]
      [Free CSet: 0.1 ms]
   [Eden: 19.0M(19.0M)->0.0B(21.0M) Survivors: 6144.0K->4096.0K Heap: 386.2M(512.0M)->350.1M(512.0M)]
 [Times: user=0.06 sys=0.00, real=0.01 secs] 
2020-10-27T14:30:44.506+0800: 1.194: [GC pause (G1 Evacuation Pause) (mixed), 0.0049673 secs]
   [Parallel Time: 4.4 ms, GC Workers: 4]
      [GC Worker Start (ms): Min: 1194.4, Avg: 1195.0, Max: 1196.1, Diff: 1.7]
      [Ext Root Scanning (ms): Min: 0.0, Avg: 0.1, Max: 0.2, Diff: 0.2, Sum: 0.5]
      [Update RS (ms): Min: 0.6, Avg: 1.6, Max: 2.1, Diff: 1.5, Sum: 6.3]
         [Processed Buffers: Min: 7, Avg: 16.3, Max: 28, Diff: 21, Sum: 65]
      [Scan RS (ms): Min: 0.0, Avg: 0.0, Max: 0.0, Diff: 0.0, Sum: 0.1]
      [Code Root Scanning (ms): Min: 0.0, Avg: 0.0, Max: 0.0, Diff: 0.0, Sum: 0.0]
      [Object Copy (ms): Min: 1.9, Avg: 1.9, Max: 2.0, Diff: 0.1, Sum: 7.7]
      [Termination (ms): Min: 0.0, Avg: 0.1, Max: 0.1, Diff: 0.1, Sum: 0.3]
         [Termination Attempts: Min: 1, Avg: 1.0, Max: 1, Diff: 0, Sum: 4]
      [GC Worker Other (ms): Min: 0.0, Avg: 0.0, Max: 0.0, Diff: 0.0, Sum: 0.1]
      [GC Worker Total (ms): Min: 2.7, Avg: 3.7, Max: 4.4, Diff: 1.7, Sum: 14.9]
      [GC Worker End (ms): Min: 1198.7, Avg: 1198.7, Max: 1198.7, Diff: 0.1]
   [Code Root Fixup: 0.0 ms]
   [Code Root Purge: 0.0 ms]
   [Clear CT: 0.1 ms]
   [Other: 0.5 ms]
      [Choose CSet: 0.0 ms]
      [Ref Proc: 0.1 ms]
      [Ref Enq: 0.0 ms]
      [Redirty Cards: 0.1 ms]
      [Humongous Register: 0.1 ms]
      [Humongous Reclaim: 0.0 ms]
      [Free CSet: 0.0 ms]
   [Eden: 21.0M(21.0M)->0.0B(37.0M) Survivors: 4096.0K->4096.0K Heap: 378.6M(512.0M)->359.2M(512.0M)]
 [Times: user=0.00 sys=0.00, real=0.01 secs] 
2020-10-27T14:30:44.512+0800: 1.200: [GC pause (G1 Humongous Allocation) (young) (initial-mark), 0.0017732 secs]
   [Parallel Time: 1.2 ms, GC Workers: 4]
      [GC Worker Start (ms): Min: 1199.9, Avg: 1199.9, Max: 1199.9, Diff: 0.0]
      [Ext Root Scanning (ms): Min: 0.2, Avg: 0.4, Max: 1.1, Diff: 0.8, Sum: 1.8]
      [Update RS (ms): Min: 0.0, Avg: 0.1, Max: 0.2, Diff: 0.2, Sum: 0.5]
         [Processed Buffers: Min: 0, Avg: 1.3, Max: 2, Diff: 2, Sum: 5]
      [Scan RS (ms): Min: 0.0, Avg: 0.0, Max: 0.0, Diff: 0.0, Sum: 0.0]
      [Code Root Scanning (ms): Min: 0.0, Avg: 0.0, Max: 0.0, Diff: 0.0, Sum: 0.0]
      [Object Copy (ms): Min: 0.0, Avg: 0.5, Max: 0.7, Diff: 0.7, Sum: 1.9]
      [Termination (ms): Min: 0.0, Avg: 0.1, Max: 0.1, Diff: 0.1, Sum: 0.3]
         [Termination Attempts: Min: 1, Avg: 1.0, Max: 1, Diff: 0, Sum: 4]
      [GC Worker Other (ms): Min: 0.0, Avg: 0.0, Max: 0.0, Diff: 0.0, Sum: 0.0]
      [GC Worker Total (ms): Min: 1.1, Avg: 1.1, Max: 1.2, Diff: 0.0, Sum: 4.6]
      [GC Worker End (ms): Min: 1201.1, Avg: 1201.1, Max: 1201.1, Diff: 0.0]
   [Code Root Fixup: 0.0 ms]
   [Code Root Purge: 0.0 ms]
   [Clear CT: 0.1 ms]
   [Other: 0.5 ms]
      [Choose CSet: 0.0 ms]
      [Ref Proc: 0.1 ms]
      [Ref Enq: 0.0 ms]
      [Redirty Cards: 0.1 ms]
      [Humongous Register: 0.1 ms]
      [Humongous Reclaim: 0.0 ms]
      [Free CSet: 0.0 ms]
   [Eden: 2048.0K(37.0M)->0.0B(37.0M) Survivors: 4096.0K->1024.0K Heap: 360.5M(512.0M)->359.0M(512.0M)]
 [Times: user=0.03 sys=0.02, real=0.00 secs] 
2020-10-27T14:30:44.514+0800: 1.202: [GC concurrent-root-region-scan-start]
2020-10-27T14:30:44.514+0800: 1.202: [GC concurrent-root-region-scan-end, 0.0001893 secs]
2020-10-27T14:30:44.514+0800: 1.202: [GC concurrent-mark-start]
2020-10-27T14:30:44.520+0800: 1.208: [GC concurrent-mark-end, 0.0061276 secs]
2020-10-27T14:30:44.521+0800: 1.208: [GC remark 2020-10-27T14:30:44.521+0800: 1.208: [Finalize Marking, 0.0001340 secs] 2020-10-27T14:30:44.521+0800: 1.208: [GC ref-proc, 0.0002484 secs] 2020-10-27T14:30:44.521+0800: 1.209: [Unloading, 0.0005098 secs], 0.0024986 secs]
 [Times: user=0.00 sys=0.00, real=0.00 secs] 
2020-10-27T14:30:44.523+0800: 1.211: [GC cleanup 392M->392M(512M), 0.0006434 secs]
 [Times: user=0.00 sys=0.00, real=0.00 secs] 
2020-10-27T14:30:44.527+0800: 1.215: [GC pause (G1 Evacuation Pause) (young), 0.0042981 secs]
   [Parallel Time: 3.7 ms, GC Workers: 4]
      [GC Worker Start (ms): Min: 1214.7, Avg: 1214.7, Max: 1214.7, Diff: 0.0]
      [Ext Root Scanning (ms): Min: 0.1, Avg: 0.2, Max: 0.2, Diff: 0.0, Sum: 0.6]
      [Update RS (ms): Min: 1.4, Avg: 1.6, Max: 2.0, Diff: 0.6, Sum: 6.5]
         [Processed Buffers: Min: 15, Avg: 18.3, Max: 21, Diff: 6, Sum: 73]
      [Scan RS (ms): Min: 0.0, Avg: 0.0, Max: 0.0, Diff: 0.0, Sum: 0.0]
      [Code Root Scanning (ms): Min: 0.0, Avg: 0.0, Max: 0.0, Diff: 0.0, Sum: 0.0]
      [Object Copy (ms): Min: 1.3, Avg: 1.7, Max: 1.9, Diff: 0.6, Sum: 6.9]
      [Termination (ms): Min: 0.0, Avg: 0.1, Max: 0.1, Diff: 0.1, Sum: 0.2]
         [Termination Attempts: Min: 1, Avg: 1.0, Max: 1, Diff: 0, Sum: 4]
      [GC Worker Other (ms): Min: 0.0, Avg: 0.0, Max: 0.0, Diff: 0.0, Sum: 0.0]
      [GC Worker Total (ms): Min: 3.6, Avg: 3.6, Max: 3.6, Diff: 0.1, Sum: 14.4]
      [GC Worker End (ms): Min: 1218.3, Avg: 1218.3, Max: 1218.3, Diff: 0.0]
   [Code Root Fixup: 0.0 ms]
   [Code Root Purge: 0.0 ms]
   [Clear CT: 0.1 ms]
   [Other: 0.6 ms]
      [Choose CSet: 0.0 ms]
      [Ref Proc: 0.2 ms]
      [Ref Enq: 0.0 ms]
      [Redirty Cards: 0.1 ms]
      [Humongous Register: 0.1 ms]
      [Humongous Reclaim: 0.1 ms]
      [Free CSet: 0.1 ms]
   [Eden: 37.0M(37.0M)->0.0B(20.0M) Survivors: 1024.0K->5120.0K Heap: 409.2M(512.0M)->373.0M(512.0M)]
 [Times: user=0.06 sys=0.00, real=0.01 secs] 
2020-10-27T14:30:44.537+0800: 1.225: [GC pause (G1 Evacuation Pause) (mixed), 0.0074367 secs]
   [Parallel Time: 6.8 ms, GC Workers: 4]
      [GC Worker Start (ms): Min: 1225.0, Avg: 1225.1, Max: 1225.1, Diff: 0.0]
      [Ext Root Scanning (ms): Min: 0.1, Avg: 0.2, Max: 0.2, Diff: 0.1, Sum: 0.7]
      [Update RS (ms): Min: 1.5, Avg: 1.5, Max: 1.6, Diff: 0.1, Sum: 6.2]
         [Processed Buffers: Min: 20, Avg: 20.3, Max: 21, Diff: 1, Sum: 81]
      [Scan RS (ms): Min: 0.0, Avg: 0.0, Max: 0.1, Diff: 0.1, Sum: 0.2]
      [Code Root Scanning (ms): Min: 0.0, Avg: 0.0, Max: 0.0, Diff: 0.0, Sum: 0.0]
      [Object Copy (ms): Min: 4.9, Avg: 4.9, Max: 5.0, Diff: 0.1, Sum: 19.7]
      [Termination (ms): Min: 0.0, Avg: 0.0, Max: 0.1, Diff: 0.1, Sum: 0.1]
         [Termination Attempts: Min: 1, Avg: 1.0, Max: 1, Diff: 0, Sum: 4]
      [GC Worker Other (ms): Min: 0.0, Avg: 0.0, Max: 0.0, Diff: 0.0, Sum: 0.1]
      [GC Worker Total (ms): Min: 6.7, Avg: 6.7, Max: 6.8, Diff: 0.0, Sum: 27.0]
      [GC Worker End (ms): Min: 1231.8, Avg: 1231.8, Max: 1231.8, Diff: 0.0]
   [Code Root Fixup: 0.0 ms]
   [Code Root Purge: 0.0 ms]
   [Clear CT: 0.1 ms]
   [Other: 0.5 ms]
      [Choose CSet: 0.0 ms]
      [Ref Proc: 0.1 ms]
      [Ref Enq: 0.0 ms]
      [Redirty Cards: 0.1 ms]
      [Humongous Register: 0.1 ms]
      [Humongous Reclaim: 0.0 ms]
      [Free CSet: 0.1 ms]
   [Eden: 20.0M(20.0M)->0.0B(34.0M) Survivors: 5120.0K->4096.0K Heap: 402.4M(512.0M)->361.4M(512.0M)]
 [Times: user=0.01 sys=0.00, real=0.01 secs] 
2020-10-27T14:30:44.546+0800: 1.234: [GC pause (G1 Humongous Allocation) (young) (initial-mark), 0.0015794 secs]
   [Parallel Time: 1.0 ms, GC Workers: 4]
      [GC Worker Start (ms): Min: 1233.7, Avg: 1233.8, Max: 1233.9, Diff: 0.1]
      [Ext Root Scanning (ms): Min: 0.1, Avg: 0.2, Max: 0.2, Diff: 0.1, Sum: 0.6]
      [Update RS (ms): Min: 0.1, Avg: 0.1, Max: 0.2, Diff: 0.0, Sum: 0.5]
         [Processed Buffers: Min: 1, Avg: 1.3, Max: 2, Diff: 1, Sum: 5]
      [Scan RS (ms): Min: 0.0, Avg: 0.0, Max: 0.0, Diff: 0.0, Sum: 0.0]
      [Code Root Scanning (ms): Min: 0.0, Avg: 0.0, Max: 0.0, Diff: 0.0, Sum: 0.0]
      [Object Copy (ms): Min: 0.5, Avg: 0.5, Max: 0.6, Diff: 0.1, Sum: 2.0]
      [Termination (ms): Min: 0.0, Avg: 0.1, Max: 0.1, Diff: 0.1, Sum: 0.3]
         [Termination Attempts: Min: 1, Avg: 1.0, Max: 1, Diff: 0, Sum: 4]
      [GC Worker Other (ms): Min: 0.0, Avg: 0.0, Max: 0.0, Diff: 0.0, Sum: 0.0]
      [GC Worker Total (ms): Min: 0.8, Avg: 0.9, Max: 0.9, Diff: 0.1, Sum: 3.5]
      [GC Worker End (ms): Min: 1234.7, Avg: 1234.7, Max: 1234.7, Diff: 0.0]
   [Code Root Fixup: 0.0 ms]
   [Code Root Purge: 0.0 ms]
   [Clear CT: 0.1 ms]
   [Other: 0.5 ms]
      [Choose CSet: 0.0 ms]
      [Ref Proc: 0.1 ms]
      [Ref Enq: 0.0 ms]
      [Redirty Cards: 0.1 ms]
      [Humongous Register: 0.1 ms]
      [Humongous Reclaim: 0.0 ms]
      [Free CSet: 0.0 ms]
   [Eden: 3072.0K(34.0M)->0.0B(35.0M) Survivors: 4096.0K->1024.0K Heap: 363.7M(512.0M)->361.5M(512.0M)]
 [Times: user=0.00 sys=0.00, real=0.00 secs] 
2020-10-27T14:30:44.548+0800: 1.235: [GC concurrent-root-region-scan-start]
2020-10-27T14:30:44.548+0800: 1.235: [GC concurrent-root-region-scan-end, 0.0001342 secs]
2020-10-27T14:30:44.548+0800: 1.235: [GC concurrent-mark-start]
2020-10-27T14:30:44.553+0800: 1.241: [GC concurrent-mark-end, 0.0054598 secs]
2020-10-27T14:30:44.553+0800: 1.241: [GC remark 2020-10-27T14:30:44.553+0800: 1.241: [Finalize Marking, 0.0001034 secs] 2020-10-27T14:30:44.554+0800: 1.241: [GC ref-proc, 0.0002461 secs] 2020-10-27T14:30:44.554+0800: 1.241: [Unloading, 0.0004954 secs], 0.0024732 secs]
 [Times: user=0.00 sys=0.00, real=0.00 secs] 
2020-10-27T14:30:44.556+0800: 1.244: [GC cleanup 377M->377M(512M), 0.0005550 secs]
 [Times: user=0.00 sys=0.00, real=0.00 secs] 
Heap
 garbage-first heap   total 524288K, used 385705K [0x00000000e0000000, 0x00000000e0101000, 0x0000000100000000)
  region size 1024K, 13 young (13312K), 1 survivors (1024K)
 Metaspace       used 2729K, capacity 4486K, committed 4864K, reserved 1056768K
  class space    used 297K, capacity 386K, committed 512K, reserved 1048576K
