Java HotSpot(TM) 64-Bit Server VM (25.131-b11) for windows-amd64 JRE (1.8.0_131-b11), built on Mar 15 2017 01:23:53 by "java_re" with MS VC++ 10.0 (VS2010)
Memory: 4k page, physical 8268912k(1522564k free), swap 11677888k(2024160k free)
CommandLine flags: -XX:InitialHeapSize=536870912 -XX:MaxHeapSize=536870912 -XX:+PrintGC -XX:+PrintGCDateStamps -XX:+PrintGCDetails -XX:+PrintGCTimeStamps -XX:+UseCompressedClassPointers -XX:+UseCompressedOops -XX:-UseLargePagesIndividualAllocation -XX:+UseSerialGC 
2020-10-27T14:09:27.139+0800: 0.396: [GC (Allocation Failure) 2020-10-27T14:09:27.193+0800: 0.399: [DefNew: 139776K->17472K(157248K), 0.0515360 secs] 139776K->50858K(506816K), 0.1053296 secs] [Times: user=0.03 sys=0.02, real=0.11 secs] 
2020-10-27T14:09:27.272+0800: 0.478: [GC (Allocation Failure) 2020-10-27T14:09:27.272+0800: 0.478: [DefNew: 157248K->17471K(157248K), 0.0680251 secs] 190634K->93421K(506816K), 0.0680849 secs] [Times: user=0.03 sys=0.02, real=0.07 secs] 
2020-10-27T14:09:27.363+0800: 0.570: [GC (Allocation Failure) 2020-10-27T14:09:27.363+0800: 0.570: [DefNew: 157247K->17468K(157248K), 0.0396188 secs] 233197K->137147K(506816K), 0.0396854 secs] [Times: user=0.02 sys=0.02, real=0.04 secs] 
2020-10-27T14:09:27.428+0800: 0.635: [GC (Allocation Failure) 2020-10-27T14:09:27.428+0800: 0.635: [DefNew: 157244K->17470K(157248K), 0.0347583 secs] 276923K->177310K(506816K), 0.0348206 secs] [Times: user=0.03 sys=0.00, real=0.03 secs] 
2020-10-27T14:09:27.485+0800: 0.693: [GC (Allocation Failure) 2020-10-27T14:09:27.485+0800: 0.693: [DefNew: 157246K->17470K(157248K), 0.0392075 secs] 317086K->223424K(506816K), 0.0392720 secs] [Times: user=0.03 sys=0.00, real=0.04 secs] 
2020-10-27T14:09:27.548+0800: 0.755: [GC (Allocation Failure) 2020-10-27T14:09:27.548+0800: 0.755: [DefNew: 157246K->17468K(157248K), 0.0419886 secs] 363200K->273486K(506816K), 0.0420518 secs] [Times: user=0.01 sys=0.01, real=0.04 secs] 
2020-10-27T14:09:27.613+0800: 0.819: [GC (Allocation Failure) 2020-10-27T14:09:27.613+0800: 0.820: [DefNew: 157244K->17471K(157248K), 0.0417414 secs] 413262K->321063K(506816K), 0.0418012 secs] [Times: user=0.02 sys=0.03, real=0.04 secs] 
2020-10-27T14:09:27.678+0800: 0.885: [GC (Allocation Failure) 2020-10-27T14:09:27.678+0800: 0.885: [DefNew: 157247K->157247K(157248K), 0.0000159 secs]2020-10-27T14:09:27.678+0800: 0.885: [Tenured: 303591K->267103K(349568K), 0.0852484 secs] 460839K->267103K(506816K), [Metaspace: 2723K->2723K(1056768K)], 0.1026243 secs] [Times: user=0.05 sys=0.00, real=0.10 secs] 
2020-10-27T14:09:27.803+0800: 1.010: [GC (Allocation Failure) 2020-10-27T14:09:27.803+0800: 1.010: [DefNew: 139731K->17469K(157248K), 0.0082372 secs] 406834K->315195K(506816K), 0.0083116 secs] [Times: user=0.02 sys=0.00, real=0.01 secs] 
2020-10-27T14:09:27.836+0800: 1.043: [GC (Allocation Failure) 2020-10-27T14:09:27.836+0800: 1.043: [DefNew: 157245K->17468K(157248K), 0.0382002 secs] 454971K->360806K(506816K), 0.0382629 secs] [Times: user=0.02 sys=0.03, real=0.04 secs] 
2020-10-27T14:09:27.898+0800: 1.105: [GC (Allocation Failure) 2020-10-27T14:09:27.898+0800: 1.105: [DefNew: 157244K->157244K(157248K), 0.0000156 secs]2020-10-27T14:09:27.898+0800: 1.105: [Tenured: 343337K->312658K(349568K), 0.0546897 secs] 500582K->312658K(506816K), [Metaspace: 2724K->2724K(1056768K)], 0.0547767 secs] [Times: user=0.06 sys=0.00, real=0.06 secs] 
Heap
 def new generation   total 157248K, used 47713K [0x00000000e0000000, 0x00000000eaaa0000, 0x00000000eaaa0000)
  eden space 139776K,  34% used [0x00000000e0000000, 0x00000000e2e98618, 0x00000000e8880000)
  from space 17472K,   0% used [0x00000000e9990000, 0x00000000e9990000, 0x00000000eaaa0000)
  to   space 17472K,   0% used [0x00000000e8880000, 0x00000000e8880000, 0x00000000e9990000)
 tenured generation   total 349568K, used 312658K [0x00000000eaaa0000, 0x0000000100000000, 0x0000000100000000)
   the space 349568K,  89% used [0x00000000eaaa0000, 0x00000000fdbf4ba0, 0x00000000fdbf4c00, 0x0000000100000000)
 Metaspace       used 2730K, capacity 4486K, committed 4864K, reserved 1056768K
  class space    used 297K, capacity 386K, committed 512K, reserved 1048576K
