Java HotSpot(TM) 64-Bit Server VM (25.131-b11) for windows-amd64 JRE (1.8.0_131-b11), built on Mar 15 2017 01:23:53 by "java_re" with MS VC++ 10.0 (VS2010)
Memory: 4k page, physical 8268912k(1763536k free), swap 11677888k(2203736k free)
CommandLine flags: -XX:InitialHeapSize=1073741824 -XX:MaxHeapSize=1073741824 -XX:+PrintGC -XX:+PrintGCDateStamps -XX:+PrintGCDetails -XX:+PrintGCTimeStamps -XX:+UseCompressedClassPointers -XX:+UseCompressedOops -XX:-UseLargePagesIndividualAllocation -XX:+UseSerialGC 
2020-10-27T14:14:47.233+0800: 0.398: [GC (Allocation Failure) 2020-10-27T14:14:47.233+0800: 0.398: [DefNew: 279616K->34943K(314560K), 0.0657265 secs] 279616K->84789K(1013632K), 0.0659107 secs] [Times: user=0.03 sys=0.03, real=0.07 secs] 
2020-10-27T14:14:47.347+0800: 0.512: [GC (Allocation Failure) 2020-10-27T14:14:47.347+0800: 0.512: [DefNew: 314559K->34943K(314560K), 0.0817203 secs] 364405K->158256K(1013632K), 0.0817999 secs] [Times: user=0.03 sys=0.05, real=0.08 secs] 
2020-10-27T14:14:47.474+0800: 0.639: [GC (Allocation Failure) 2020-10-27T14:14:47.474+0800: 0.639: [DefNew: 314559K->34943K(314560K), 0.0691767 secs] 437872K->235800K(1013632K), 0.0692450 secs] [Times: user=0.05 sys=0.02, real=0.07 secs] 
2020-10-27T14:14:47.588+0800: 0.753: [GC (Allocation Failure) 2020-10-27T14:14:47.588+0800: 0.753: [DefNew: 314559K->34943K(314560K), 0.0683477 secs] 515416K->310821K(1013632K), 0.0684171 secs] [Times: user=0.05 sys=0.03, real=0.07 secs] 
2020-10-27T14:14:47.701+0800: 0.866: [GC (Allocation Failure) 2020-10-27T14:14:47.701+0800: 0.866: [DefNew: 314559K->34944K(314560K), 0.0720861 secs] 590437K->392006K(1013632K), 0.0721484 secs] [Times: user=0.02 sys=0.05, real=0.07 secs] 
2020-10-27T14:14:47.818+0800: 0.983: [GC (Allocation Failure) 2020-10-27T14:14:47.818+0800: 0.983: [DefNew: 314560K->34943K(314560K), 0.0701331 secs] 671622K->466950K(1013632K), 0.0701975 secs] [Times: user=0.02 sys=0.06, real=0.07 secs] 
2020-10-27T14:14:47.939+0800: 1.104: [GC (Allocation Failure) 2020-10-27T14:14:47.939+0800: 1.104: [DefNew: 314559K->34943K(314560K), 0.0749372 secs] 746566K->549038K(1013632K), 0.0750322 secs] [Times: user=0.06 sys=0.02, real=0.08 secs] 
Heap
 def new generation   total 314560K, used 46191K [0x00000000c0000000, 0x00000000d5550000, 0x00000000d5550000)
  eden space 279616K,   4% used [0x00000000c0000000, 0x00000000c0afc0e8, 0x00000000d1110000)
  from space 34944K,  99% used [0x00000000d3330000, 0x00000000d554fd40, 0x00000000d5550000)
  to   space 34944K,   0% used [0x00000000d1110000, 0x00000000d1110000, 0x00000000d3330000)
 tenured generation   total 699072K, used 514094K [0x00000000d5550000, 0x0000000100000000, 0x0000000100000000)
   the space 699072K,  73% used [0x00000000d5550000, 0x00000000f4b5bbb8, 0x00000000f4b5bc00, 0x0000000100000000)
 Metaspace       used 2729K, capacity 4486K, committed 4864K, reserved 1056768K
  class space    used 297K, capacity 386K, committed 512K, reserved 1048576K
